Component: ARM Compiler 5.06 update 5 (build 528) Tool: armlink [4d35e2]

==============================================================================

Section Cross References

    stm32f1xx_it.o(i.EXTI9_5_IRQHandler) refers to stm32f1xx_hal_gpio.o(i.HAL_GPIO_EXTI_IRQHandler) for HAL_GPIO_EXTI_IRQHandler
    stm32f1xx_it.o(i.SysTick_Handler) refers to stm32f1xx_hal.o(i.HAL_IncTick) for HAL_IncTick
    stm32f1xx_it.o(i.SysTick_Handler) refers to stm3210e_eval.o(i.BSP_JOY_GetState) for BSP_JOY_GetState
    stm32f1xx_it.o(i.SysTick_Handler) refers to usbd_hid.o(i.USBD_HID_SendReport) for USBD_HID_SendReport
    stm32f1xx_it.o(i.SysTick_Handler) refers to stm32f1xx_it.o(.data) for .data
    stm32f1xx_it.o(i.SysTick_Handler) refers to main.o(.bss) for USBD_Device
    stm32f1xx_it.o(i.USB_LP_CAN1_RX0_IRQHandler) refers to stm32f1xx_hal_pcd.o(i.HAL_PCD_IRQHandler) for HAL_PCD_IRQHandler
    stm32f1xx_it.o(i.USB_LP_CAN1_RX0_IRQHandler) refers to usbd_conf.o(.bss) for hpcd
    main.o(i.SystemClock_Config) refers to memseta.o(.text) for __aeabi_memclr4
    main.o(i.SystemClock_Config) refers to stm32f1xx_hal_rcc.o(i.HAL_RCC_OscConfig) for HAL_RCC_OscConfig
    main.o(i.SystemClock_Config) refers to stm32f1xx_hal_rcc_ex.o(i.HAL_RCCEx_PeriphCLKConfig) for HAL_RCCEx_PeriphCLKConfig
    main.o(i.SystemClock_Config) refers to stm32f1xx_hal_rcc.o(i.HAL_RCC_ClockConfig) for HAL_RCC_ClockConfig
    main.o(i.Toggle_Leds) refers to stm3210e_eval.o(i.BSP_LED_Toggle) for BSP_LED_Toggle
    main.o(i.Toggle_Leds) refers to main.o(.data) for .data
    main.o(i.main) refers to stm32f1xx_hal.o(i.HAL_Init) for HAL_Init
    main.o(i.main) refers to main.o(i.SystemClock_Config) for SystemClock_Config
    main.o(i.main) refers to stm3210e_eval.o(i.BSP_JOY_Init) for BSP_JOY_Init
    main.o(i.main) refers to stm3210e_eval.o(i.BSP_PB_Init) for BSP_PB_Init
    main.o(i.main) refers to usbd_core.o(i.USBD_Init) for USBD_Init
    main.o(i.main) refers to usbd_core.o(i.USBD_RegisterClass) for USBD_RegisterClass
    main.o(i.main) refers to usbd_core.o(i.USBD_Start) for USBD_Start
    main.o(i.main) refers to usbd_desc.o(.data) for HID_Desc
    main.o(i.main) refers to main.o(.bss) for .bss
    main.o(i.main) refers to usbd_hid.o(.data) for USBD_HID
    usbd_conf.o(i.HAL_GPIO_EXTI_Callback) refers to usbd_conf.o(i.SystemClockConfig_STOP) for SystemClockConfig_STOP
    usbd_conf.o(i.HAL_GPIO_EXTI_Callback) refers to stm32f1xx_hal_pcd.o(i.HAL_PCD_ActivateRemoteWakeup) for HAL_PCD_ActivateRemoteWakeup
    usbd_conf.o(i.HAL_GPIO_EXTI_Callback) refers to stm32f1xx_hal.o(i.HAL_Delay) for HAL_Delay
    usbd_conf.o(i.HAL_GPIO_EXTI_Callback) refers to stm32f1xx_hal_pcd.o(i.HAL_PCD_DeActivateRemoteWakeup) for HAL_PCD_DeActivateRemoteWakeup
    usbd_conf.o(i.HAL_GPIO_EXTI_Callback) refers to usbd_conf.o(.bss) for .bss
    usbd_conf.o(i.HAL_GPIO_EXTI_Callback) refers to usbd_conf.o(.data) for .data
    usbd_conf.o(i.HAL_PCDEx_SetConnectionState) refers to stm32f1xx_hal_gpio.o(i.HAL_GPIO_WritePin) for HAL_GPIO_WritePin
    usbd_conf.o(i.HAL_PCD_ConnectCallback) refers to usbd_core.o(i.USBD_LL_DevConnected) for USBD_LL_DevConnected
    usbd_conf.o(i.HAL_PCD_DataInStageCallback) refers to usbd_core.o(i.USBD_LL_DataInStage) for USBD_LL_DataInStage
    usbd_conf.o(i.HAL_PCD_DataOutStageCallback) refers to usbd_core.o(i.USBD_LL_DataOutStage) for USBD_LL_DataOutStage
    usbd_conf.o(i.HAL_PCD_DisconnectCallback) refers to usbd_core.o(i.USBD_LL_DevDisconnected) for USBD_LL_DevDisconnected
    usbd_conf.o(i.HAL_PCD_ISOINIncompleteCallback) refers to usbd_core.o(i.USBD_LL_IsoINIncomplete) for USBD_LL_IsoINIncomplete
    usbd_conf.o(i.HAL_PCD_ISOOUTIncompleteCallback) refers to usbd_core.o(i.USBD_LL_IsoOUTIncomplete) for USBD_LL_IsoOUTIncomplete
    usbd_conf.o(i.HAL_PCD_MspInit) refers to stm32f1xx_hal_gpio.o(i.HAL_GPIO_Init) for HAL_GPIO_Init
    usbd_conf.o(i.HAL_PCD_MspInit) refers to stm32f1xx_hal_cortex.o(i.HAL_NVIC_EnableIRQ) for HAL_NVIC_EnableIRQ
    usbd_conf.o(i.HAL_PCD_MspInit) refers to stm32f1xx_hal_cortex.o(i.HAL_NVIC_SetPriority) for HAL_NVIC_SetPriority
    usbd_conf.o(i.HAL_PCD_ResetCallback) refers to usbd_core.o(i.USBD_LL_SetSpeed) for USBD_LL_SetSpeed
    usbd_conf.o(i.HAL_PCD_ResetCallback) refers to usbd_core.o(i.USBD_LL_Reset) for USBD_LL_Reset
    usbd_conf.o(i.HAL_PCD_ResumeCallback) refers to usbd_conf.o(i.SystemClockConfig_STOP) for SystemClockConfig_STOP
    usbd_conf.o(i.HAL_PCD_ResumeCallback) refers to usbd_core.o(i.USBD_LL_Resume) for USBD_LL_Resume
    usbd_conf.o(i.HAL_PCD_ResumeCallback) refers to usbd_conf.o(.data) for .data
    usbd_conf.o(i.HAL_PCD_SOFCallback) refers to usbd_core.o(i.USBD_LL_SOF) for USBD_LL_SOF
    usbd_conf.o(i.HAL_PCD_SetupStageCallback) refers to usbd_core.o(i.USBD_LL_SetupStage) for USBD_LL_SetupStage
    usbd_conf.o(i.HAL_PCD_SuspendCallback) refers to usbd_core.o(i.USBD_LL_Suspend) for USBD_LL_Suspend
    usbd_conf.o(i.HAL_PCD_SuspendCallback) refers to stm32f1xx_hal.o(i.HAL_Delay) for HAL_Delay
[...]
    entry9a.o(.ARM.Collect$$$$0000000B) refers to main.o(i.main) for main
    entry9b.o(.ARM.Collect$$$$0000000C) refers to main.o(i.main) for main
    init.o(.text) refers to entry5.o(.ARM.Collect$$$$00000004) for __main_after_scatterload


==============================================================================

Removing Unused input sections from the image.

    Removing stm32f1xx_it.o(.rev16_text), (4 bytes).
    Removing stm32f1xx_it.o(.revsh_text), (4 bytes).
    Removing stm32f1xx_it.o(.rrx_text), (6 bytes).
    Removing main.o(.rev16_text), (4 bytes).
    Removing main.o(.revsh_text), (4 bytes).
    Removing main.o(.rrx_text), (6 bytes).
    Removing main.o(i.Toggle_Leds), (52 bytes).
    Removing main.o(.data), (4 bytes).
    Removing usbd_conf.o(.rev16_text), (4 bytes).
    Removing usbd_conf.o(.revsh_text), (4 bytes).
    Removing usbd_conf.o(.rrx_text), (6 bytes).
    Removing usbd_conf.o(i.HAL_PCD_ConnectCallback), (8 bytes).
    Removing usbd_conf.o(i.HAL_PCD_DisconnectCallback), (8 bytes).
    Removing usbd_conf.o(i.HAL_PCD_ISOINIncompleteCallback), (8 bytes).
    Removing usbd_conf.o(i.HAL_PCD_ISOOUTIncompleteCallback), (8 bytes).
    Removing usbd_conf.o(i.HAL_PCD_MspDeInit), (16 bytes).
    Removing usbd_conf.o(i.USBD_LL_DeInit), (14 bytes).
    Removing usbd_conf.o(i.USBD_LL_Delay), (4 bytes).
    Removing usbd_conf.o(i.USBD_LL_FlushEP), (14 bytes).
    Removing usbd_conf.o(i.USBD_LL_GetRxDataSize), (8 bytes).
    Removing usbd_conf.o(i.USBD_LL_Stop), (14 bytes).
    Removing usbd_desc.o(.rev16_text), (4 bytes).
    Removing usbd_desc.o(.revsh_text), (4 bytes).
    Removing usbd_desc.o(.rrx_text), (6 bytes).
    Removing stm3210e_eval.o(.rev16_text), (4 bytes).
    Removing stm3210e_eval.o(.revsh_text), (4 bytes).
    Removing stm3210e_eval.o(.rrx_text), (6 bytes).
    Removing stm3210e_eval.o(i.BSP_COM_Init), (216 bytes).
    Removing stm3210e_eval.o(i.BSP_GetVersion), (6 bytes).
    Removing stm3210e_eval.o(i.BSP_LED_Init), (108 bytes).
    Removing stm3210e_eval.o(i.BSP_LED_Off), (28 bytes).
    Removing stm3210e_eval.o(i.BSP_LED_On), (28 bytes).
    Removing stm3210e_eval.o(i.BSP_LED_Toggle), (24 bytes).
    Removing stm3210e_eval.o(i.BSP_PB_GetState), (24 bytes).
    Removing system_stm32f1xx.o(.rev16_text), (4 bytes).
    Removing system_stm32f1xx.o(.revsh_text), (4 bytes).
    Removing system_stm32f1xx.o(.rrx_text), (6 bytes).
    Removing system_stm32f1xx.o(i.SystemCoreClockUpdate), (104 bytes).
    Removing system_stm32f1xx.o(.constdata), (8 bytes).
    Removing stm32f1xx_hal_uart.o(.rev16_text), (4 bytes).
    Removing stm32f1xx_hal_uart.o(.revsh_text), (4 bytes).
    Removing stm32f1xx_hal_uart.o(.rrx_text), (6 bytes).
    Removing stm32f1xx_hal_uart.o(i.HAL_HalfDuplex_EnableReceiver), (50 bytes).
    Removing stm32f1xx_hal_uart.o(i.HAL_HalfDuplex_EnableTransmitter), (50 bytes).
    Removing stm32f1xx_hal_uart.o(i.HAL_HalfDuplex_Init), (108 bytes).
    Removing stm32f1xx_hal_uart.o(i.HAL_LIN_Init), (122 bytes).
    Removing stm32f1xx_hal_uart.o(i.HAL_LIN_SendBreak), (46 bytes).
    Removing stm32f1xx_hal_uart.o(i.HAL_MultiProcessor_EnterMuteMode), (46 bytes).
    Removing stm32f1xx_hal_uart.o(i.HAL_MultiProcessor_ExitMuteMode), (46 bytes).
    Removing stm32f1xx_hal_uart.o(i.HAL_MultiProcessor_Init), (130 bytes).
    Removing stm32f1xx_hal_uart.o(i.HAL_UART_Abort), (104 bytes).
    Removing stm32f1xx_hal_uart.o(i.HAL_UART_AbortCpltCallback), (2 bytes).
    Removing stm32f1xx_hal_uart.o(i.HAL_UART_AbortReceive), (68 bytes).
    Removing stm32f1xx_hal_uart.o(i.HAL_UART_AbortReceiveCpltCallback), (2 bytes).
    Removing stm32f1xx_hal_uart.o(i.HAL_UART_AbortReceive_IT), (92 bytes).
    Removing stm32f1xx_hal_uart.o(i.HAL_UART_AbortTransmit), (58 bytes).
    Removing stm32f1xx_hal_uart.o(i.HAL_UART_AbortTransmitCpltCallback), (2 bytes).
    Removing stm32f1xx_hal_uart.o(i.HAL_UART_AbortTransmit_IT), (84 bytes).
    Removing stm32f1xx_hal_uart.o(i.HAL_UART_Abort_IT), (172 bytes).
    Removing stm32f1xx_hal_uart.o(i.HAL_UART_DMAPause), (102 bytes).
    Removing stm32f1xx_hal_uart.o(i.HAL_UART_DMAResume), (94 bytes).
    Removing stm32f1xx_hal_uart.o(i.HAL_UART_DMAStop), (88 bytes).
    Removing stm32f1xx_hal_uart.o(i.HAL_UART_DeInit), (40 bytes).
    Removing stm32f1xx_hal_uart.o(i.HAL_UART_ErrorCallback), (2 bytes).
    Removing stm32f1xx_hal_uart.o(i.HAL_UART_GetError), (4 bytes).
    Removing stm32f1xx_hal_uart.o(i.HAL_UART_GetState), (10 bytes).
    Removing stm32f1xx_hal_uart.o(i.HAL_UART_IRQHandler), (272 bytes).
    Removing stm32f1xx_hal_uart.o(i.HAL_UART_Init), (98 bytes).
    Removing stm32f1xx_hal_uart.o(i.HAL_UART_MspDeInit), (2 bytes).
    Removing stm32f1xx_hal_uart.o(i.HAL_UART_MspInit), (2 bytes).
    Removing stm32f1xx_hal_uart.o(i.HAL_UART_Receive), (184 bytes).
    Removing stm32f1xx_hal_uart.o(i.HAL_UART_Receive_DMA), (152 bytes).
    Removing stm32f1xx_hal_uart.o(i.HAL_UART_Receive_IT), (82 bytes).
    Removing stm32f1xx_hal_uart.o(i.HAL_UART_RxCpltCallback), (2 bytes).
    Removing stm32f1xx_hal_uart.o(i.HAL_UART_RxHalfCpltCallback), (2 bytes).
    Removing stm32f1xx_hal_uart.o(i.HAL_UART_Transmit), (186 bytes).
    Removing stm32f1xx_hal_uart.o(i.HAL_UART_Transmit_DMA), (128 bytes).
    Removing stm32f1xx_hal_uart.o(i.HAL_UART_Transmit_IT), (62 bytes).
    Removing stm32f1xx_hal_uart.o(i.HAL_UART_TxCpltCallback), (2 bytes).
    Removing stm32f1xx_hal_uart.o(i.HAL_UART_TxHalfCpltCallback), (2 bytes).
    Removing stm32f1xx_hal_uart.o(i.UART_DMAAbortOnError), (16 bytes).
    Removing stm32f1xx_hal_uart.o(i.UART_DMAError), (74 bytes).
    Removing stm32f1xx_hal_uart.o(i.UART_DMAReceiveCplt), (60 bytes).
    Removing stm32f1xx_hal_uart.o(i.UART_DMARxAbortCallback), (42 bytes).
    Removing stm32f1xx_hal_uart.o(i.UART_DMARxHalfCplt), (10 bytes).
    Removing stm32f1xx_hal_uart.o(i.UART_DMARxOnlyAbortCallback), (20 bytes).
    Removing stm32f1xx_hal_uart.o(i.UART_DMATransmitCplt), (46 bytes).
    Removing stm32f1xx_hal_uart.o(i.UART_DMATxAbortCallback), (42 bytes).
    Removing stm32f1xx_hal_uart.o(i.UART_DMATxHalfCplt), (10 bytes).
    Removing stm32f1xx_hal_uart.o(i.UART_DMATxOnlyAbortCallback), (20 bytes).
    Removing stm32f1xx_hal_uart.o(i.UART_EndRxTransfer), (28 bytes).
    Removing stm32f1xx_hal_uart.o(i.UART_EndTxTransfer), (18 bytes).
    Removing stm32f1xx_hal_uart.o(i.UART_Receive_IT), (150 bytes).
    Removing stm32f1xx_hal_uart.o(i.UART_SetConfig), (368 bytes).
    Removing stm32f1xx_hal_uart.o(i.UART_Transmit_IT), (98 bytes).
    Removing stm32f1xx_hal_uart.o(i.UART_WaitOnFlagUntilTimeout), (100 bytes).
    Removing stm32f1xx_hal_rcc.o(.rev16_text), (4 bytes).
    Removing stm32f1xx_hal_rcc.o(.revsh_text), (4 bytes).
    Removing stm32f1xx_hal_rcc.o(.rrx_text), (6 bytes).
    Removing stm32f1xx_hal_rcc.o(i.HAL_RCC_CSSCallback), (2 bytes).
    Removing stm32f1xx_hal_rcc.o(i.HAL_RCC_DeInit), (216 bytes).
    Removing stm32f1xx_hal_rcc.o(i.HAL_RCC_DisableCSS), (12 bytes).
    Removing stm32f1xx_hal_rcc.o(i.HAL_RCC_EnableCSS), (12 bytes).
    Removing stm32f1xx_hal_rcc.o(i.HAL_RCC_GetClockConfig), (64 bytes).
    Removing stm32f1xx_hal_rcc.o(i.HAL_RCC_GetHCLKFreq), (12 bytes).
    Removing stm32f1xx_hal_rcc.o(i.HAL_RCC_GetOscConfig), (144 bytes).
    Removing stm32f1xx_hal_rcc.o(i.HAL_RCC_GetPCLK1Freq), (32 bytes).
    Removing stm32f1xx_hal_rcc.o(i.HAL_RCC_GetPCLK2Freq), (32 bytes).
    Removing stm32f1xx_hal_rcc.o(i.HAL_RCC_MCOConfig), (72 bytes).
    Removing stm32f1xx_hal_rcc.o(i.HAL_RCC_NMI_IRQHandler), (24 bytes).
    Removing stm32f1xx_hal_pcd.o(.rev16_text), (4 bytes).
    Removing stm32f1xx_hal_pcd.o(.revsh_text), (4 bytes).
    Removing stm32f1xx_hal_pcd.o(.rrx_text), (6 bytes).
    Removing stm32f1xx_hal_pcd.o(i.HAL_PCD_ConnectCallback), (2 bytes).
    Removing stm32f1xx_hal_pcd.o(i.HAL_PCD_DataInStageCallback), (2 bytes).
    Removing stm32f1xx_hal_pcd.o(i.HAL_PCD_DataOutStageCallback), (2 bytes).
    Removing stm32f1xx_hal_pcd.o(i.HAL_PCD_DeInit), (36 bytes).
    Removing stm32f1xx_hal_pcd.o(i.HAL_PCD_DevConnect), (44 bytes).
    Removing stm32f1xx_hal_pcd.o(i.HAL_PCD_DevDisconnect), (44 bytes).
    Removing stm32f1xx_hal_pcd.o(i.HAL_PCD_DisconnectCallback), (2 bytes).
    Removing stm32f1xx_hal_pcd.o(i.HAL_PCD_EP_Flush), (52 bytes).
    Removing stm32f1xx_hal_pcd.o(i.HAL_PCD_EP_GetRxCount), (16 bytes).
    Removing stm32f1xx_hal_pcd.o(i.HAL_PCD_GetState), (6 bytes).
    Removing stm32f1xx_hal_pcd.o(i.HAL_PCD_ISOINIncompleteCallback), (2 bytes).
    Removing stm32f1xx_hal_pcd.o(i.HAL_PCD_ISOOUTIncompleteCallback), (2 bytes).
    Removing stm32f1xx_hal_pcd.o(i.HAL_PCD_MspDeInit), (2 bytes).
    Removing stm32f1xx_hal_pcd.o(i.HAL_PCD_MspInit), (2 bytes).
    Removing stm32f1xx_hal_pcd.o(i.HAL_PCD_ResetCallback), (2 bytes).
    Removing stm32f1xx_hal_pcd.o(i.HAL_PCD_ResumeCallback), (2 bytes).
    Removing stm32f1xx_hal_pcd.o(i.HAL_PCD_SOFCallback), (2 bytes).
    Removing stm32f1xx_hal_pcd.o(i.HAL_PCD_SetupStageCallback), (2 bytes).
    Removing stm32f1xx_hal_pcd.o(i.HAL_PCD_Stop), (48 bytes).
    Removing stm32f1xx_hal_pcd.o(i.HAL_PCD_SuspendCallback), (2 bytes).
    Removing stm32f1xx_hal_rcc_ex.o(.rev16_text), (4 bytes).
    Removing stm32f1xx_hal_rcc_ex.o(.revsh_text), (4 bytes).
    Removing stm32f1xx_hal_rcc_ex.o(.rrx_text), (6 bytes).
    Removing stm32f1xx_hal_rcc_ex.o(i.HAL_RCCEx_GetPeriphCLKConfig), (52 bytes).
    Removing stm32f1xx_hal_rcc_ex.o(i.HAL_RCCEx_GetPeriphCLKFreq), (212 bytes).
    Removing stm32f1xx_hal_cortex.o(.rev16_text), (4 bytes).
    Removing stm32f1xx_hal_cortex.o(.revsh_text), (4 bytes).
    Removing stm32f1xx_hal_cortex.o(.rrx_text), (6 bytes).
    Removing stm32f1xx_hal_cortex.o(i.HAL_NVIC_ClearPendingIRQ), (26 bytes).
    Removing stm32f1xx_hal_cortex.o(i.HAL_NVIC_DisableIRQ), (34 bytes).
    Removing stm32f1xx_hal_cortex.o(i.HAL_NVIC_GetActive), (36 bytes).
    Removing stm32f1xx_hal_cortex.o(i.HAL_NVIC_GetPendingIRQ), (36 bytes).
    Removing stm32f1xx_hal_cortex.o(i.HAL_NVIC_GetPriority), (82 bytes).
    Removing stm32f1xx_hal_cortex.o(i.HAL_NVIC_GetPriorityGrouping), (16 bytes).
    Removing stm32f1xx_hal_cortex.o(i.HAL_NVIC_SetPendingIRQ), (26 bytes).
    Removing stm32f1xx_hal_cortex.o(i.HAL_NVIC_SystemReset), (36 bytes).
    Removing stm32f1xx_hal_cortex.o(i.HAL_SYSTICK_CLKSourceConfig), (24 bytes).
    Removing stm32f1xx_hal_cortex.o(i.HAL_SYSTICK_Callback), (2 bytes).
    Removing stm32f1xx_hal_cortex.o(i.HAL_SYSTICK_IRQHandler), (8 bytes).
    Removing stm32f1xx_hal_rtc.o(.rev16_text), (4 bytes).
    Removing stm32f1xx_hal_rtc.o(.revsh_text), (4 bytes).
    Removing stm32f1xx_hal_rtc.o(.rrx_text), (6 bytes).
    Removing stm32f1xx_hal.o(.rev16_text), (4 bytes).
    Removing stm32f1xx_hal.o(.revsh_text), (4 bytes).
    Removing stm32f1xx_hal.o(.rrx_text), (6 bytes).
    Removing stm32f1xx_hal.o(i.HAL_DBGMCU_DisableDBGSleepMode), (16 bytes).
    Removing stm32f1xx_hal.o(i.HAL_DBGMCU_DisableDBGStandbyMode), (16 bytes).
    Removing stm32f1xx_hal.o(i.HAL_DBGMCU_DisableDBGStopMode), (16 bytes).
    Removing stm32f1xx_hal.o(i.HAL_DBGMCU_EnableDBGSleepMode), (16 bytes).
    Removing stm32f1xx_hal.o(i.HAL_DBGMCU_EnableDBGStandbyMode), (16 bytes).
    Removing stm32f1xx_hal.o(i.HAL_DBGMCU_EnableDBGStopMode), (16 bytes).
    Removing stm32f1xx_hal.o(i.HAL_DeInit), (32 bytes).
    Removing stm32f1xx_hal.o(i.HAL_GetDEVID), (16 bytes).
    Removing stm32f1xx_hal.o(i.HAL_GetHalVersion), (8 bytes).
    Removing stm32f1xx_hal.o(i.HAL_GetREVID), (12 bytes).
    Removing stm32f1xx_hal.o(i.HAL_GetTickFreq), (12 bytes).
    Removing stm32f1xx_hal.o(i.HAL_GetTickPrio), (12 bytes).
    Removing stm32f1xx_hal.o(i.HAL_GetUID), (28 bytes).
    Removing stm32f1xx_hal.o(i.HAL_MspDeInit), (2 bytes).
    Removing stm32f1xx_hal.o(i.HAL_ResumeTick), (14 bytes).
    Removing stm32f1xx_hal.o(i.HAL_SetTickFreq), (28 bytes).
    Removing stm32f1xx_hal.o(i.HAL_SuspendTick), (14 bytes).
    Removing stm32f1xx_hal_gpio.o(.rev16_text), (4 bytes).
    Removing stm32f1xx_hal_gpio.o(.revsh_text), (4 bytes).
    Removing stm32f1xx_hal_gpio.o(.rrx_text), (6 bytes).
    Removing stm32f1xx_hal_gpio.o(i.HAL_GPIO_DeInit), (256 bytes).
    Removing stm32f1xx_hal_gpio.o(i.HAL_GPIO_EXTI_Callback), (2 bytes).
    Removing stm32f1xx_hal_gpio.o(i.HAL_GPIO_LockPin), (34 bytes).
    Removing stm32f1xx_hal_gpio.o(i.HAL_GPIO_TogglePin), (8 bytes).
    Removing stm32f1xx_hal_dma.o(.rev16_text), (4 bytes).
    Removing stm32f1xx_hal_dma.o(.revsh_text), (4 bytes).
    Removing stm32f1xx_hal_dma.o(.rrx_text), (6 bytes).
    Removing stm32f1xx_hal_dma.o(i.DMA_SetConfig), (42 bytes).
    Removing stm32f1xx_hal_dma.o(i.HAL_DMA_Abort), (48 bytes).
    Removing stm32f1xx_hal_dma.o(i.HAL_DMA_Abort_IT), (304 bytes).
    Removing stm32f1xx_hal_dma.o(i.HAL_DMA_DeInit), (120 bytes).
    Removing stm32f1xx_hal_dma.o(i.HAL_DMA_GetError), (4 bytes).
    Removing stm32f1xx_hal_dma.o(i.HAL_DMA_GetState), (6 bytes).
    Removing stm32f1xx_hal_dma.o(i.HAL_DMA_IRQHandler), (584 bytes).
    Removing stm32f1xx_hal_dma.o(i.HAL_DMA_Init), (132 bytes).
    Removing stm32f1xx_hal_dma.o(i.HAL_DMA_PollForTransfer), (988 bytes).
    Removing stm32f1xx_hal_dma.o(i.HAL_DMA_RegisterCallback), (74 bytes).
    Removing stm32f1xx_hal_dma.o(i.HAL_DMA_Start), (80 bytes).
    Removing stm32f1xx_hal_dma.o(i.HAL_DMA_Start_IT), (112 bytes).
    Removing stm32f1xx_hal_dma.o(i.HAL_DMA_UnRegisterCallback), (82 bytes).
    Removing stm32f1xx_hal_rtc_ex.o(.rev16_text), (4 bytes).
    Removing stm32f1xx_hal_rtc_ex.o(.revsh_text), (4 bytes).
    Removing stm32f1xx_hal_rtc_ex.o(.rrx_text), (6 bytes).
    Removing stm32f1xx_ll_usb.o(.rev16_text), (4 bytes).
    Removing stm32f1xx_ll_usb.o(.revsh_text), (4 bytes).
    Removing stm32f1xx_ll_usb.o(.rrx_text), (6 bytes).
    Removing stm32f1xx_ll_usb.o(i.USB_ClearInterrupts), (2 bytes).
    Removing stm32f1xx_ll_usb.o(i.USB_FlushRxFifo), (4 bytes).
    Removing stm32f1xx_ll_usb.o(i.USB_FlushTxFifo), (4 bytes).
    Removing stm32f1xx_ll_usb.o(i.USB_ReadDevAllInEpInterrupt), (4 bytes).
    Removing stm32f1xx_ll_usb.o(i.USB_ReadDevAllOutEpInterrupt), (4 bytes).
    Removing stm32f1xx_ll_usb.o(i.USB_ReadDevInEPInterrupt), (4 bytes).
    Removing stm32f1xx_ll_usb.o(i.USB_ReadDevOutEPInterrupt), (4 bytes).
    Removing stm32f1xx_ll_usb.o(i.USB_ReadPacket), (4 bytes).
    Removing stm32f1xx_ll_usb.o(i.USB_StopDevice), (18 bytes).
    Removing stm32f1xx_ll_usb.o(i.USB_WritePacket), (4 bytes).
    Removing stm32f1xx_hal_pcd_ex.o(.rev16_text), (4 bytes).
    Removing stm32f1xx_hal_pcd_ex.o(.revsh_text), (4 bytes).
    Removing stm32f1xx_hal_pcd_ex.o(.rrx_text), (6 bytes).
    Removing stm32f1xx_hal_pcd_ex.o(i.HAL_PCDEx_SetConnectionState), (2 bytes).
    Removing startup_stm32f103xg.o(HEAP), (1024 bytes).
    Removing usbd_hid.o(.rev16_text), (4 bytes).
    Removing usbd_hid.o(.revsh_text), (4 bytes).
    Removing usbd_hid.o(.rrx_text), (6 bytes).
    Removing usbd_hid.o(i.USBD_HID_GetPollingInterval), (12 bytes).
    Removing usbd_ctlreq.o(.rev16_text), (4 bytes).
    Removing usbd_ctlreq.o(.revsh_text), (4 bytes).
    Removing usbd_ctlreq.o(.rrx_text), (6 bytes).
    Removing usbd_ioreq.o(.rev16_text), (4 bytes).
    Removing usbd_ioreq.o(.revsh_text), (4 bytes).
    Removing usbd_ioreq.o(.rrx_text), (6 bytes).
    Removing usbd_ioreq.o(i.USBD_CtlPrepareRx), (30 bytes).
    Removing usbd_ioreq.o(i.USBD_GetRxCount), (10 bytes).
    Removing usbd_core.o(.rev16_text), (4 bytes).
    Removing usbd_core.o(.revsh_text), (4 bytes).
    Removing usbd_core.o(.rrx_text), (6 bytes).
    Removing usbd_core.o(i.USBD_DeInit), (38 bytes).
    Removing usbd_core.o(i.USBD_LL_DevConnected), (4 bytes).
    Removing usbd_core.o(i.USBD_LL_DevDisconnected), (22 bytes).
    Removing usbd_core.o(i.USBD_LL_IsoINIncomplete), (4 bytes).
    Removing usbd_core.o(i.USBD_LL_IsoOUTIncomplete), (4 bytes).
    Removing usbd_core.o(i.USBD_RunTestMode), (4 bytes).
    Removing usbd_core.o(i.USBD_Stop), (26 bytes).

241 unused section(s) (total 10678 bytes) removed from the image.

==============================================================================

Image Symbol Table

    Local Symbols

    Symbol Name                              Value     Ov Type        Size  Object(Section)

    ../../../Middlewares/STM32_USB_Device_Library/Class/HID/Src/usbd_hid.c 0x00000000   Number         0  usbd_hid.o ABSOLUTE
    ../../../Middlewares/STM32_USB_Device_Library/Core/Src/usbd_core.c 0x00000000   Number         0  usbd_core.o ABSOLUTE
    ../../../Middlewares/STM32_USB_Device_Library/Core/Src/usbd_ctlreq.c 0x00000000   Number         0  usbd_ctlreq.o ABSOLUTE
    ../../../Middlewares/STM32_USB_Device_Library/Core/Src/usbd_ioreq.c 0x00000000   Number         0  usbd_ioreq.o ABSOLUTE
    ../../../STM32F1xx_HAL_Driver/Src/stm32f1xx_hal.c 0x00000000   Number         0  stm32f1xx_hal.o ABSOLUTE
    ../../../STM32F1xx_HAL_Driver/Src/stm32f1xx_hal_cortex.c 0x00000000   Number         0  stm32f1xx_hal_cortex.o ABSOLUTE
    ../../../STM32F1xx_HAL_Driver/Src/stm32f1xx_hal_dma.c 0x00000000   Number         0  stm32f1xx_hal_dma.o ABSOLUTE
    ../../../STM32F1xx_HAL_Driver/Src/stm32f1xx_hal_gpio.c 0x00000000   Number         0  stm32f1xx_hal_gpio.o ABSOLUTE
    ../../../STM32F1xx_HAL_Driver/Src/stm32f1xx_hal_pcd.c 0x00000000   Number         0  stm32f1xx_hal_pcd.o ABSOLUTE
    ../../../STM32F1xx_HAL_Driver/Src/stm32f1xx_hal_pcd_ex.c 0x00000000   Number         0  stm32f1xx_hal_pcd_ex.o ABSOLUTE
    ../../../STM32F1xx_HAL_Driver/Src/stm32f1xx_hal_rcc.c 0x00000000   Number         0  stm32f1xx_hal_rcc.o ABSOLUTE
    ../../../STM32F1xx_HAL_Driver/Src/stm32f1xx_hal_rcc_ex.c 0x00000000   Number         0  stm32f1xx_hal_rcc_ex.o ABSOLUTE
    ../../../STM32F1xx_HAL_Driver/Src/stm32f1xx_hal_rtc.c 0x00000000   Number         0  stm32f1xx_hal_rtc.o ABSOLUTE
    ../../../STM32F1xx_HAL_Driver/Src/stm32f1xx_hal_rtc_ex.c 0x00000000   Number         0  stm32f1xx_hal_rtc_ex.o ABSOLUTE
    ../../../STM32F1xx_HAL_Driver/Src/stm32f1xx_hal_uart.c 0x00000000   Number         0  stm32f1xx_hal_uart.o ABSOLUTE
    ../../../STM32F1xx_HAL_Driver/Src/stm32f1xx_ll_usb.c 0x00000000   Number         0  stm32f1xx_ll_usb.o ABSOLUTE
    ../clib/../cmprslib/zerorunl2.c          0x00000000   Number         0  __dczerorl2.o ABSOLUTE
    ../clib/microlib/init/entry.s            0x00000000   Number         0  entry5.o ABSOLUTE
    ../clib/microlib/init/entry.s            0x00000000   Number         0  entry7a.o ABSOLUTE
    ../clib/microlib/init/entry.s            0x00000000   Number         0  entry.o ABSOLUTE
    ../clib/microlib/init/entry.s            0x00000000   Number         0  entry8a.o ABSOLUTE
    ../clib/microlib/init/entry.s            0x00000000   Number         0  entry7b.o ABSOLUTE
    ../clib/microlib/init/entry.s            0x00000000   Number         0  entry9a.o ABSOLUTE
    ../clib/microlib/init/entry.s            0x00000000   Number         0  entry10a.o ABSOLUTE
    ../clib/microlib/init/entry.s            0x00000000   Number         0  entry9b.o ABSOLUTE
    ../clib/microlib/init/entry.s            0x00000000   Number         0  entry8b.o ABSOLUTE
    ../clib/microlib/init/entry.s            0x00000000   Number         0  entry10b.o ABSOLUTE
    ../clib/microlib/init/entry.s            0x00000000   Number         0  entry11a.o ABSOLUTE
    ../clib/microlib/init/entry.s            0x00000000   Number         0  entry11b.o ABSOLUTE
    ../clib/microlib/init/entry.s            0x00000000   Number         0  entry2.o ABSOLUTE
    ../clib/microlib/string/memcpy.c         0x00000000   Number         0  memcpya.o ABSOLUTE
    ../clib/microlib/string/memcpy.c         0x00000000   Number         0  memcpyb.o ABSOLUTE
    ../clib/microlib/string/memset.c         0x00000000   Number         0  memseta.o ABSOLUTE
    ..\..\..\BSP\stm3210e_eval.c             0x00000000   Number         0  stm3210e_eval.o ABSOLUTE
    ..\..\..\Middlewares\STM32_USB_Device_Library\Class\HID\Src\usbd_hid.c 0x00000000   Number         0  usbd_hid.o ABSOLUTE
    ..\..\..\Middlewares\STM32_USB_Device_Library\Core\Src\usbd_core.c 0x00000000   Number         0  usbd_core.o ABSOLUTE
    ..\..\..\Middlewares\STM32_USB_Device_Library\Core\Src\usbd_ctlreq.c 0x00000000   Number         0  usbd_ctlreq.o ABSOLUTE
    ..\..\..\Middlewares\STM32_USB_Device_Library\Core\Src\usbd_ioreq.c 0x00000000   Number         0  usbd_ioreq.o ABSOLUTE
    ..\..\..\STM32F1xx_HAL_Driver\Src\stm32f1xx_hal.c 0x00000000   Number         0  stm32f1xx_hal.o ABSOLUTE
    ..\..\..\STM32F1xx_HAL_Driver\Src\stm32f1xx_hal_cortex.c 0x00000000   Number         0  stm32f1xx_hal_cortex.o ABSOLUTE
    ..\..\..\STM32F1xx_HAL_Driver\Src\stm32f1xx_hal_dma.c 0x00000000   Number         0  stm32f1xx_hal_dma.o ABSOLUTE
    ..\..\..\STM32F1xx_HAL_Driver\Src\stm32f1xx_hal_gpio.c 0x00000000   Number         0  stm32f1xx_hal_gpio.o ABSOLUTE
    ..\..\..\STM32F1xx_HAL_Driver\Src\stm32f1xx_hal_pcd.c 0x00000000   Number         0  stm32f1xx_hal_pcd.o ABSOLUTE
    ..\..\..\STM32F1xx_HAL_Driver\Src\stm32f1xx_hal_pcd_ex.c 0x00000000   Number         0  stm32f1xx_hal_pcd_ex.o ABSOLUTE
    ..\..\..\STM32F1xx_HAL_Driver\Src\stm32f1xx_hal_rcc.c 0x00000000   Number         0  stm32f1xx_hal_rcc.o ABSOLUTE
    ..\..\..\STM32F1xx_HAL_Driver\Src\stm32f1xx_hal_rcc_ex.c 0x00000000   Number         0  stm32f1xx_hal_rcc_ex.o ABSOLUTE
    ..\..\..\STM32F1xx_HAL_Driver\Src\stm32f1xx_hal_rtc.c 0x00000000   Number         0  stm32f1xx_hal_rtc.o ABSOLUTE
    ..\..\..\STM32F1xx_HAL_Driver\Src\stm32f1xx_hal_rtc_ex.c 0x00000000   Number         0  stm32f1xx_hal_rtc_ex.o ABSOLUTE
    ..\..\..\STM32F1xx_HAL_Driver\Src\stm32f1xx_hal_uart.c 0x00000000   Number         0  stm32f1xx_hal_uart.o ABSOLUTE
    ..\..\..\STM32F1xx_HAL_Driver\Src\stm32f1xx_ll_usb.c 0x00000000   Number         0  stm32f1xx_ll_usb.o ABSOLUTE
    ..\\..\\..\\BSP\\stm3210e_eval.c         0x00000000   Number         0  stm3210e_eval.o ABSOLUTE
    ./Src/main.c                             0x00000000   Number         0  main.o ABSOLUTE
    ./Src/stm32f1xx_it.c                     0x00000000   Number         0  stm32f1xx_it.o ABSOLUTE
    ./Src/system_stm32f1xx.c                 0x00000000   Number         0  system_stm32f1xx.o ABSOLUTE
    ./Src/usbd_conf.c                        0x00000000   Number         0  usbd_conf.o ABSOLUTE
    ./Src/usbd_desc.c                        0x00000000   Number         0  usbd_desc.o ABSOLUTE
    .\Src\main.c                             0x00000000   Number         0  main.o ABSOLUTE
    .\Src\stm32f1xx_it.c                     0x00000000   Number         0  stm32f1xx_it.o ABSOLUTE
    .\Src\system_stm32f1xx.c                 0x00000000   Number         0  system_stm32f1xx.o ABSOLUTE
    .\Src\usbd_conf.c                        0x00000000   Number         0  usbd_conf.o ABSOLUTE
    .\Src\usbd_desc.c                        0x00000000   Number         0  usbd_desc.o ABSOLUTE
    dc.s                                     0x00000000   Number         0  dc.o ABSOLUTE
    handlers.s                               0x00000000   Number         0  handlers.o ABSOLUTE
    init.s                                   0x00000000   Number         0  init.o ABSOLUTE
    startup_stm32f103xg.s                    0x00000000   Number         0  startup_stm32f103xg.o ABSOLUTE
    RESET                                    0x08000000   Section      304  startup_stm32f103xg.o(RESET)
    .ARM.Collect$$$$00000000                 0x08000130   Section        0  entry.o(.ARM.Collect$$$$00000000)
    .ARM.Collect$$$$00000001                 0x08000130   Section        4  entry2.o(.ARM.Collect$$$$00000001)
    .ARM.Collect$$$$00000004                 0x08000134   Section        4  entry5.o(.ARM.Collect$$$$00000004)
    .ARM.Collect$$$$00000008                 0x08000138   Section        0  entry7b.o(.ARM.Collect$$$$00000008)
    .ARM.Collect$$$$0000000A                 0x08000138   Section        0  entry8b.o(.ARM.Collect$$$$0000000A)
    .ARM.Collect$$$$0000000B                 0x08000138   Section        8  entry9a.o(.ARM.Collect$$$$0000000B)
    .ARM.Collect$$$$0000000D                 0x08000140   Section        0  entry10a.o(.ARM.Collect$$$$0000000D)
    .ARM.Collect$$$$0000000F                 0x08000140   Section        0  entry11a.o(.ARM.Collect$$$$0000000F)
    .ARM.Collect$$$$00002712                 0x08000140   Section        4  entry2.o(.ARM.Collect$$$$00002712)
    __lit__00000000                          0x08000140   Data           4  entry2.o(.ARM.Collect$$$$00002712)
    .text                                    0x08000144   Section       36  startup_stm32f103xg.o(.text)
    .text                                    0x08000168   Section        0  memcpya.o(.text)
    .text                                    0x0800018c   Section        0  memseta.o(.text)
    .text                                    0x080001b0   Section       36  init.o(.text)
    .text                                    0x080001d4   Section        0  __dczerorl2.o(.text)
    i.BSP_JOY_GetState                       0x0800022c   Section        0  stm3210e_eval.o(i.BSP_JOY_GetState)
    i.BSP_JOY_Init                           0x0800025c   Section        0  stm3210e_eval.o(i.BSP_JOY_Init)
    i.BSP_PB_Init                            0x08000320   Section        0  stm3210e_eval.o(i.BSP_PB_Init)
    i.BusFault_Handler                       0x08000410   Section        0  stm32f1xx_it.o(i.BusFault_Handler)
    i.DebugMon_Handler                       0x08000412   Section        0  stm32f1xx_it.o(i.DebugMon_Handler)
    i.EXTI9_5_IRQHandler                     0x08000414   Section        0  stm32f1xx_it.o(i.EXTI9_5_IRQHandler)
    i.HAL_Delay                              0x0800041c   Section        0  stm32f1xx_hal.o(i.HAL_Delay)
    i.HAL_GPIO_EXTI_Callback                 0x08000440   Section        0  usbd_conf.o(i.HAL_GPIO_EXTI_Callback)
    i.HAL_GPIO_EXTI_IRQHandler               0x080004a0   Section        0  stm32f1xx_hal_gpio.o(i.HAL_GPIO_EXTI_IRQHandler)
    i.HAL_GPIO_Init                          0x080004b8   Section        0  stm32f1xx_hal_gpio.o(i.HAL_GPIO_Init)
    i.HAL_GPIO_ReadPin                       0x080006a0   Section        0  stm32f1xx_hal_gpio.o(i.HAL_GPIO_ReadPin)
    i.HAL_GPIO_WritePin                      0x080006aa   Section        0  stm32f1xx_hal_gpio.o(i.HAL_GPIO_WritePin)
    i.HAL_GetTick                            0x080006b4   Section        0  stm32f1xx_hal.o(i.HAL_GetTick)
    i.HAL_IncTick                            0x080006c0   Section        0  stm32f1xx_hal.o(i.HAL_IncTick)
    i.HAL_Init                               0x080006d0   Section        0  stm32f1xx_hal.o(i.HAL_Init)
    i.HAL_InitTick                           0x080006f4   Section        0  stm32f1xx_hal.o(i.HAL_InitTick)
    i.HAL_MspInit                            0x08000734   Section        0  stm32f1xx_hal.o(i.HAL_MspInit)
    i.HAL_NVIC_EnableIRQ                     0x08000736   Section        0  stm32f1xx_hal_cortex.o(i.HAL_NVIC_EnableIRQ)
    i.HAL_NVIC_SetPriority                   0x08000750   Section        0  stm32f1xx_hal_cortex.o(i.HAL_NVIC_SetPriority)
    i.HAL_NVIC_SetPriorityGrouping           0x08000790   Section        0  stm32f1xx_hal_cortex.o(i.HAL_NVIC_SetPriorityGrouping)
    i.HAL_PCDEx_PMAConfig                    0x080007b4   Section        0  stm32f1xx_hal_pcd_ex.o(i.HAL_PCDEx_PMAConfig)
    i.HAL_PCDEx_SetConnectionState           0x080007e8   Section        0  usbd_conf.o(i.HAL_PCDEx_SetConnectionState)
    i.HAL_PCD_ActivateRemoteWakeup           0x08000800   Section        0  stm32f1xx_hal_pcd.o(i.HAL_PCD_ActivateRemoteWakeup)
    i.HAL_PCD_DataInStageCallback            0x08000806   Section        0  usbd_conf.o(i.HAL_PCD_DataInStageCallback)
    i.HAL_PCD_DataOutStageCallback           0x08000814   Section        0  usbd_conf.o(i.HAL_PCD_DataOutStageCallback)
    i.HAL_PCD_DeActivateRemoteWakeup         0x08000824   Section        0  stm32f1xx_hal_pcd.o(i.HAL_PCD_DeActivateRemoteWakeup)
    i.HAL_PCD_EP_Close                       0x0800082a   Section        0  stm32f1xx_hal_pcd.o(i.HAL_PCD_EP_Close)
    i.HAL_PCD_EP_ClrStall                    0x0800086a   Section        0  stm32f1xx_hal_pcd.o(i.HAL_PCD_EP_ClrStall)
    i.HAL_PCD_EP_Open                        0x080008b2   Section        0  stm32f1xx_hal_pcd.o(i.HAL_PCD_EP_Open)
    i.HAL_PCD_EP_Receive                     0x080008f6   Section        0  stm32f1xx_hal_pcd.o(i.HAL_PCD_EP_Receive)
    i.HAL_PCD_EP_SetStall                    0x08000924   Section        0  stm32f1xx_hal_pcd.o(i.HAL_PCD_EP_SetStall)
    i.HAL_PCD_EP_Transmit                    0x0800097a   Section        0  stm32f1xx_hal_pcd.o(i.HAL_PCD_EP_Transmit)
    i.HAL_PCD_IRQHandler                     0x080009a4   Section        0  stm32f1xx_hal_pcd.o(i.HAL_PCD_IRQHandler)
    i.HAL_PCD_Init                           0x08000ab0   Section        0  stm32f1xx_hal_pcd.o(i.HAL_PCD_Init)
    i.HAL_PCD_MspInit                        0x08000b70   Section        0  usbd_conf.o(i.HAL_PCD_MspInit)
    i.HAL_PCD_ResetCallback                  0x08000c38   Section        0  usbd_conf.o(i.HAL_PCD_ResetCallback)
    i.HAL_PCD_ResumeCallback                 0x08000c54   Section        0  usbd_conf.o(i.HAL_PCD_ResumeCallback)
    i.HAL_PCD_SOFCallback                    0x08000c88   Section        0  usbd_conf.o(i.HAL_PCD_SOFCallback)
    i.HAL_PCD_SetAddress                     0x08000c90   Section        0  stm32f1xx_hal_pcd.o(i.HAL_PCD_SetAddress)
    i.HAL_PCD_SetupStageCallback             0x08000cb8   Section        0  usbd_conf.o(i.HAL_PCD_SetupStageCallback)
    i.HAL_PCD_Start                          0x08000cc6   Section        0  stm32f1xx_hal_pcd.o(i.HAL_PCD_Start)
    i.HAL_PCD_SuspendCallback                0x08000cf8   Section        0  usbd_conf.o(i.HAL_PCD_SuspendCallback)
    i.HAL_RCCEx_PeriphCLKConfig              0x08000d20   Section        0  stm32f1xx_hal_rcc_ex.o(i.HAL_RCCEx_PeriphCLKConfig)
    i.HAL_RCC_ClockConfig                    0x08000e0c   Section        0  stm32f1xx_hal_rcc.o(i.HAL_RCC_ClockConfig)
    i.HAL_RCC_GetSysClockFreq                0x08000f60   Section        0  stm32f1xx_hal_rcc.o(i.HAL_RCC_GetSysClockFreq)
    i.HAL_RCC_OscConfig                      0x08000fcc   Section        0  stm32f1xx_hal_rcc.o(i.HAL_RCC_OscConfig)
    i.HAL_SYSTICK_Config                     0x080012d0   Section        0  stm32f1xx_hal_cortex.o(i.HAL_SYSTICK_Config)
    i.HardFault_Handler                      0x080012f8   Section        0  stm32f1xx_it.o(i.HardFault_Handler)
    i.IntToUnicode                           0x080012fc   Section        0  usbd_desc.o(i.IntToUnicode)
    IntToUnicode                             0x080012fd   Thumb Code    56  usbd_desc.o(i.IntToUnicode)
    i.MemManage_Handler                      0x08001334   Section        0  stm32f1xx_it.o(i.MemManage_Handler)
    i.NMI_Handler                            0x08001336   Section        0  stm32f1xx_it.o(i.NMI_Handler)
    i.PCD_EP_ISR_Handler                     0x08001338   Section        0  stm32f1xx_hal_pcd.o(i.PCD_EP_ISR_Handler)
    PCD_EP_ISR_Handler                       0x08001339   Thumb Code   866  stm32f1xx_hal_pcd.o(i.PCD_EP_ISR_Handler)
    i.PendSV_Handler                         0x0800169a   Section        0  stm32f1xx_it.o(i.PendSV_Handler)
    i.SVC_Handler                            0x0800169c   Section        0  stm32f1xx_it.o(i.SVC_Handler)
    i.SysTick_Handler                        0x080016a0   Section        0  stm32f1xx_it.o(i.SysTick_Handler)
    i.SystemClockConfig_STOP                 0x08001710   Section        0  usbd_conf.o(i.SystemClockConfig_STOP)
    SystemClockConfig_STOP                   0x08001711   Thumb Code    76  usbd_conf.o(i.SystemClockConfig_STOP)
    i.SystemClock_Config                     0x0800175c   Section        0  main.o(i.SystemClock_Config)
    i.SystemInit                             0x080017c8   Section        0  system_stm32f1xx.o(i.SystemInit)
    i.USBD_ClrClassConfig                    0x08001810   Section        0  usbd_core.o(i.USBD_ClrClassConfig)
    i.USBD_CtlContinueRx                     0x0800181e   Section        0  usbd_ioreq.o(i.USBD_CtlContinueRx)
    i.USBD_CtlContinueSendData               0x0800182e   Section        0  usbd_ioreq.o(i.USBD_CtlContinueSendData)
    i.USBD_CtlError                          0x0800183e   Section        0  usbd_ctlreq.o(i.USBD_CtlError)
    i.USBD_CtlReceiveStatus                  0x08001854   Section        0  usbd_ioreq.o(i.USBD_CtlReceiveStatus)
    i.USBD_CtlSendData                       0x0800186a   Section        0  usbd_ioreq.o(i.USBD_CtlSendData)
    i.USBD_CtlSendStatus                     0x08001884   Section        0  usbd_ioreq.o(i.USBD_CtlSendStatus)
    i.USBD_GetDescriptor                     0x0800189a   Section        0  usbd_ctlreq.o(i.USBD_GetDescriptor)
    USBD_GetDescriptor                       0x0800189b   Thumb Code   224  usbd_ctlreq.o(i.USBD_GetDescriptor)
    i.USBD_GetString                         0x0800197a   Section        0  usbd_ctlreq.o(i.USBD_GetString)
    i.USBD_HID_ConfigStrDescriptor           0x080019c0   Section        0  usbd_desc.o(i.USBD_HID_ConfigStrDescriptor)
    i.USBD_HID_DataIn                        0x080019e0   Section        0  usbd_hid.o(i.USBD_HID_DataIn)
    USBD_HID_DataIn                          0x080019e1   Thumb Code    12  usbd_hid.o(i.USBD_HID_DataIn)
    i.USBD_HID_DeInit                        0x080019ec   Section        0  usbd_hid.o(i.USBD_HID_DeInit)
    USBD_HID_DeInit                          0x080019ed   Thumb Code    30  usbd_hid.o(i.USBD_HID_DeInit)
    i.USBD_HID_DeviceDescriptor              0x08001a0c   Section        0  usbd_desc.o(i.USBD_HID_DeviceDescriptor)
    i.USBD_HID_GetCfgDesc                    0x08001a18   Section        0  usbd_hid.o(i.USBD_HID_GetCfgDesc)
    USBD_HID_GetCfgDesc                      0x08001a19   Thumb Code     8  usbd_hid.o(i.USBD_HID_GetCfgDesc)
    i.USBD_HID_GetDeviceQualifierDesc        0x08001a24   Section        0  usbd_hid.o(i.USBD_HID_GetDeviceQualifierDesc)
    USBD_HID_GetDeviceQualifierDesc          0x08001a25   Thumb Code     8  usbd_hid.o(i.USBD_HID_GetDeviceQualifierDesc)
    i.USBD_HID_Init                          0x08001a30   Section        0  usbd_hid.o(i.USBD_HID_Init)
    USBD_HID_Init                            0x08001a31   Thumb Code    40  usbd_hid.o(i.USBD_HID_Init)
    i.USBD_HID_InterfaceStrDescriptor        0x08001a58   Section        0  usbd_desc.o(i.USBD_HID_InterfaceStrDescriptor)
    i.USBD_HID_LangIDStrDescriptor           0x08001a7c   Section        0  usbd_desc.o(i.USBD_HID_LangIDStrDescriptor)
    i.USBD_HID_ManufacturerStrDescriptor     0x08001a88   Section        0  usbd_desc.o(i.USBD_HID_ManufacturerStrDescriptor)
    i.USBD_HID_ProductStrDescriptor          0x08001ab0   Section        0  usbd_desc.o(i.USBD_HID_ProductStrDescriptor)
    i.USBD_HID_SendReport                    0x08001adc   Section        0  usbd_hid.o(i.USBD_HID_SendReport)
    i.USBD_HID_SerialStrDescriptor           0x08001b00   Section        0  usbd_desc.o(i.USBD_HID_SerialStrDescriptor)
    i.USBD_HID_Setup                         0x08001b38   Section        0  usbd_hid.o(i.USBD_HID_Setup)
    USBD_HID_Setup                           0x08001b39   Thumb Code   156  usbd_hid.o(i.USBD_HID_Setup)
    i.USBD_Init                              0x08001bd8   Section        0  usbd_core.o(i.USBD_Init)
    i.USBD_LL_ClearStallEP                   0x08001c02   Section        0  usbd_conf.o(i.USBD_LL_ClearStallEP)
    i.USBD_LL_CloseEP                        0x08001c10   Section        0  usbd_conf.o(i.USBD_LL_CloseEP)
    i.USBD_LL_DataInStage                    0x08001c1e   Section        0  usbd_core.o(i.USBD_LL_DataInStage)
    i.USBD_LL_DataOutStage                   0x08001cc8   Section        0  usbd_core.o(i.USBD_LL_DataOutStage)
    i.USBD_LL_Init                           0x08001d34   Section        0  usbd_conf.o(i.USBD_LL_Init)
    i.USBD_LL_IsStallEP                      0x08001d90   Section        0  usbd_conf.o(i.USBD_LL_IsStallEP)
    i.USBD_LL_OpenEP                         0x08001dac   Section        0  usbd_conf.o(i.USBD_LL_OpenEP)
    i.USBD_LL_PrepareReceive                 0x08001dc0   Section        0  usbd_conf.o(i.USBD_LL_PrepareReceive)
    i.USBD_LL_Reset                          0x08001dce   Section        0  usbd_core.o(i.USBD_LL_Reset)
    i.USBD_LL_Resume                         0x08001e0c   Section        0  usbd_core.o(i.USBD_LL_Resume)
    i.USBD_LL_SOF                            0x08001e18   Section        0  usbd_core.o(i.USBD_LL_SOF)
    i.USBD_LL_SetSpeed                       0x08001e30   Section        0  usbd_core.o(i.USBD_LL_SetSpeed)
    i.USBD_LL_SetUSBAddress                  0x08001e36   Section        0  usbd_conf.o(i.USBD_LL_SetUSBAddress)
    i.USBD_LL_SetupStage                     0x08001e44   Section        0  usbd_core.o(i.USBD_LL_SetupStage)
    i.USBD_LL_StallEP                        0x08001e9e   Section        0  usbd_conf.o(i.USBD_LL_StallEP)
    i.USBD_LL_Start                          0x08001eac   Section        0  usbd_conf.o(i.USBD_LL_Start)
    i.USBD_LL_Suspend                        0x08001eba   Section        0  usbd_core.o(i.USBD_LL_Suspend)
    i.USBD_LL_Transmit                       0x08001ecc   Section        0  usbd_conf.o(i.USBD_LL_Transmit)
    i.USBD_ParseSetupRequest                 0x08001eda   Section        0  usbd_ctlreq.o(i.USBD_ParseSetupRequest)
    i.USBD_RegisterClass                     0x08001f02   Section        0  usbd_core.o(i.USBD_RegisterClass)
    i.USBD_SetClassConfig                    0x08001f12   Section        0  usbd_core.o(i.USBD_SetClassConfig)
    i.USBD_SetConfig                         0x08001f28   Section        0  usbd_ctlreq.o(i.USBD_SetConfig)
    USBD_SetConfig                           0x08001f29   Thumb Code   110  usbd_ctlreq.o(i.USBD_SetConfig)
    i.USBD_Start                             0x08001f9c   Section        0  usbd_core.o(i.USBD_Start)
    i.USBD_StdDevReq                         0x08001fa6   Section        0  usbd_ctlreq.o(i.USBD_StdDevReq)
    i.USBD_StdEPReq                          0x08002098   Section        0  usbd_ctlreq.o(i.USBD_StdEPReq)
    i.USBD_StdItfReq                         0x08002174   Section        0  usbd_ctlreq.o(i.USBD_StdItfReq)
    i.USBD_static_free                       0x080021a8   Section        0  usbd_conf.o(i.USBD_static_free)
    i.USBD_static_malloc                     0x080021ac   Section        0  usbd_conf.o(i.USBD_static_malloc)
    i.USBWakeUp_IRQHandler                   0x080021b4   Section        0  stm32f1xx_it.o(i.USBWakeUp_IRQHandler)
    i.USB_ActivateEndpoint                   0x080021c4   Section        0  stm32f1xx_ll_usb.o(i.USB_ActivateEndpoint)
    i.USB_ActivateRemoteWakeup               0x08002420   Section        0  stm32f1xx_ll_usb.o(i.USB_ActivateRemoteWakeup)
    i.USB_CoreInit                           0x0800242e   Section        0  stm32f1xx_ll_usb.o(i.USB_CoreInit)
    i.USB_DeActivateRemoteWakeup             0x08002432   Section        0  stm32f1xx_ll_usb.o(i.USB_DeActivateRemoteWakeup)
    i.USB_DeactivateEndpoint                 0x08002440   Section        0  stm32f1xx_ll_usb.o(i.USB_DeactivateEndpoint)
    i.USB_DevConnect                         0x08002564   Section        0  stm32f1xx_ll_usb.o(i.USB_DevConnect)
    i.USB_DevDisconnect                      0x08002568   Section        0  stm32f1xx_ll_usb.o(i.USB_DevDisconnect)
    i.USB_DevInit                            0x0800256c   Section        0  stm32f1xx_ll_usb.o(i.USB_DevInit)
    i.USB_DisableGlobalInt                   0x0800258a   Section        0  stm32f1xx_ll_usb.o(i.USB_DisableGlobalInt)
    i.USB_EP0_OutStart                       0x08002598   Section        0  stm32f1xx_ll_usb.o(i.USB_EP0_OutStart)
    i.USB_EPClearStall                       0x0800259c   Section        0  stm32f1xx_ll_usb.o(i.USB_EPClearStall)
    i.USB_EPSetStall                         0x08002606   Section        0  stm32f1xx_ll_usb.o(i.USB_EPSetStall)
    i.USB_EPStartXfer                        0x08002650   Section        0  stm32f1xx_ll_usb.o(i.USB_EPStartXfer)
    i.USB_EnableGlobalInt                    0x080027fa   Section        0  stm32f1xx_ll_usb.o(i.USB_EnableGlobalInt)
    i.USB_LP_CAN1_RX0_IRQHandler             0x08002808   Section        0  stm32f1xx_it.o(i.USB_LP_CAN1_RX0_IRQHandler)
    i.USB_ReadInterrupts                     0x08002814   Section        0  stm32f1xx_ll_usb.o(i.USB_ReadInterrupts)
    i.USB_ReadPMA                            0x0800281c   Section        0  stm32f1xx_ll_usb.o(i.USB_ReadPMA)
    i.USB_SetCurrentMode                     0x0800283a   Section        0  stm32f1xx_ll_usb.o(i.USB_SetCurrentMode)
    i.USB_SetDevAddress                      0x0800283e   Section        0  stm32f1xx_ll_usb.o(i.USB_SetDevAddress)
    i.USB_WritePMA                           0x0800284a   Section        0  stm32f1xx_ll_usb.o(i.USB_WritePMA)
    i.UsageFault_Handler                     0x08002870   Section        0  stm32f1xx_it.o(i.UsageFault_Handler)
    i.__NVIC_SetPriority                     0x08002872   Section        0  stm32f1xx_hal_cortex.o(i.__NVIC_SetPriority)
    __NVIC_SetPriority                       0x08002873   Thumb Code    32  stm32f1xx_hal_cortex.o(i.__NVIC_SetPriority)
    i.__scatterload_copy                     0x08002892   Section       14  handlers.o(i.__scatterload_copy)
    i.__scatterload_null                     0x080028a0   Section        2  handlers.o(i.__scatterload_null)
    i.__scatterload_zeroinit                 0x080028a2   Section       14  handlers.o(i.__scatterload_zeroinit)
    i.main                                   0x080028b0   Section        0  main.o(i.main)
    .constdata                               0x080028ec   Section       22  usbd_desc.o(.constdata)
    .constdata                               0x08002902   Section       56  stm3210e_eval.o(.constdata)
    .constdata                               0x0800293a   Section       16  system_stm32f1xx.o(.constdata)
    .data                                    0x20000000   Section        4  stm32f1xx_it.o(.data)
    counter                                  0x20000000   Data           4  stm32f1xx_it.o(.data)
    .data                                    0x20000004   Section        4  usbd_conf.o(.data)
    .data                                    0x20000008   Section       28  usbd_desc.o(.data)
    .data                                    0x20000024   Section       26  usbd_desc.o(.data)
    .data                                    0x20000040   Section       92  stm3210e_eval.o(.data)
    .data                                    0x2000009c   Section        4  system_stm32f1xx.o(.data)
    .data                                    0x200000a0   Section       12  stm32f1xx_hal.o(.data)
    .data                                    0x200000ac   Section       56  usbd_hid.o(.data)
    .data                                    0x200000e4   Section      134  usbd_hid.o(.data)
    USBD_HID_CfgDesc                         0x200000e4   Data          34  usbd_hid.o(.data)
    USBD_HID_Desc                            0x20000108   Data           9  usbd_hid.o(.data)
    USBD_HID_DeviceQualifierDesc             0x20000114   Data          10  usbd_hid.o(.data)
    HID_MOUSE_ReportDesc                     0x20000120   Data          74  usbd_hid.o(.data)
    .data                                    0x2000016a   Section        1  usbd_ctlreq.o(.data)
    cfgidx                                   0x2000016a   Data           1  usbd_ctlreq.o(.data)
    .bss                                     0x2000016c   Section      548  main.o(.bss)
    .bss                                     0x20000390   Section     1136  usbd_conf.o(.bss)
    mem                                      0x20000390   Data          16  usbd_conf.o(.bss)
    .bss                                     0x20000800   Section      256  usbd_desc.o(.bss)
    STACK                                    0x20000900   Section     1280  startup_stm32f103xg.o(STACK)

    Global Symbols

    Symbol Name                              Value     Ov Type        Size  Object(Section)

    BuildAttributes$$THM_ISAv4$P$D$K$B$S$PE$A:L22UL41UL21$X:L11$S22US41US21$IEEE1$IW$USESV6$~STKCKD$USESV7$~SHL$OSPACE$EBA8$MICROLIB$REQ8$PRES8$EABIv2 0x00000000   Number         0  anon$$obj.o ABSOLUTE
    __ARM_use_no_argv                        0x00000000   Number         0  main.o ABSOLUTE
    __cpp_initialize__aeabi_                  - Undefined Weak Reference
    __cxa_finalize                            - Undefined Weak Reference
    _clock_init                               - Undefined Weak Reference
    _microlib_exit                            - Undefined Weak Reference
    __Vectors_Size                           0x00000130   Number         0  startup_stm32f103xg.o ABSOLUTE
    __Vectors                                0x08000000   Data           4  startup_stm32f103xg.o(RESET)
    __Vectors_End                            0x08000130   Data           0  startup_stm32f103xg.o(RESET)
    __main                                   0x08000131   Thumb Code     0  entry.o(.ARM.Collect$$$$00000000)
    _main_stk                                0x08000131   Thumb Code     0  entry2.o(.ARM.Collect$$$$00000001)
    _main_scatterload                        0x08000135   Thumb Code     0  entry5.o(.ARM.Collect$$$$00000004)
    __main_after_scatterload                 0x08000139   Thumb Code     0  entry5.o(.ARM.Collect$$$$00000004)
    _main_clock                              0x08000139   Thumb Code     0  entry7b.o(.ARM.Collect$$$$00000008)
    _main_cpp_init                           0x08000139   Thumb Code     0  entry8b.o(.ARM.Collect$$$$0000000A)
    _main_init                               0x08000139   Thumb Code     0  entry9a.o(.ARM.Collect$$$$0000000B)
    __rt_final_cpp                           0x08000141   Thumb Code     0  entry10a.o(.ARM.Collect$$$$0000000D)
    __rt_final_exit                          0x08000141   Thumb Code     0  entry11a.o(.ARM.Collect$$$$0000000F)
    Reset_Handler                            0x08000145   Thumb Code     8  startup_stm32f103xg.o(.text)
    ADC1_2_IRQHandler                        0x0800015f   Thumb Code     0  startup_stm32f103xg.o(.text)
    ADC3_IRQHandler                          0x0800015f   Thumb Code     0  startup_stm32f103xg.o(.text)
    CAN1_RX1_IRQHandler                      0x0800015f   Thumb Code     0  startup_stm32f103xg.o(.text)
    CAN1_SCE_IRQHandler                      0x0800015f   Thumb Code     0  startup_stm32f103xg.o(.text)
    DMA1_Channel1_IRQHandler                 0x0800015f   Thumb Code     0  startup_stm32f103xg.o(.text)
    DMA1_Channel2_IRQHandler                 0x0800015f   Thumb Code     0  startup_stm32f103xg.o(.text)
    DMA1_Channel3_IRQHandler                 0x0800015f   Thumb Code     0  startup_stm32f103xg.o(.text)
    DMA1_Channel4_IRQHandler                 0x0800015f   Thumb Code     0  startup_stm32f103xg.o(.text)
    DMA1_Channel5_IRQHandler                 0x0800015f   Thumb Code     0  startup_stm32f103xg.o(.text)
    DMA1_Channel6_IRQHandler                 0x0800015f   Thumb Code     0  startup_stm32f103xg.o(.text)
    DMA1_Channel7_IRQHandler                 0x0800015f   Thumb Code     0  startup_stm32f103xg.o(.text)
    DMA2_Channel1_IRQHandler                 0x0800015f   Thumb Code     0  startup_stm32f103xg.o(.text)
    DMA2_Channel2_IRQHandler                 0x0800015f   Thumb Code     0  startup_stm32f103xg.o(.text)
    DMA2_Channel3_IRQHandler                 0x0800015f   Thumb Code     0  startup_stm32f103xg.o(.text)
    DMA2_Channel4_5_IRQHandler               0x0800015f   Thumb Code     0  startup_stm32f103xg.o(.text)
    EXTI0_IRQHandler                         0x0800015f   Thumb Code     0  startup_stm32f103xg.o(.text)
    EXTI15_10_IRQHandler                     0x0800015f   Thumb Code     0  startup_stm32f103xg.o(.text)
    EXTI1_IRQHandler                         0x0800015f   Thumb Code     0  startup_stm32f103xg.o(.text)
    EXTI2_IRQHandler                         0x0800015f   Thumb Code     0  startup_stm32f103xg.o(.text)
    EXTI3_IRQHandler                         0x0800015f   Thumb Code     0  startup_stm32f103xg.o(.text)
    EXTI4_IRQHandler                         0x0800015f   Thumb Code     0  startup_stm32f103xg.o(.text)
    FLASH_IRQHandler                         0x0800015f   Thumb Code     0  startup_stm32f103xg.o(.text)
    FSMC_IRQHandler                          0x0800015f   Thumb Code     0  startup_stm32f103xg.o(.text)
    I2C1_ER_IRQHandler                       0x0800015f   Thumb Code     0  startup_stm32f103xg.o(.text)
    I2C1_EV_IRQHandler                       0x0800015f   Thumb Code     0  startup_stm32f103xg.o(.text)
    I2C2_ER_IRQHandler                       0x0800015f   Thumb Code     0  startup_stm32f103xg.o(.text)
    I2C2_EV_IRQHandler                       0x0800015f   Thumb Code     0  startup_stm32f103xg.o(.text)
    PVD_IRQHandler                           0x0800015f   Thumb Code     0  startup_stm32f103xg.o(.text)
    RCC_IRQHandler                           0x0800015f   Thumb Code     0  startup_stm32f103xg.o(.text)
    RTC_Alarm_IRQHandler                     0x0800015f   Thumb Code     0  startup_stm32f103xg.o(.text)
    RTC_IRQHandler                           0x0800015f   Thumb Code     0  startup_stm32f103xg.o(.text)
    SDIO_IRQHandler                          0x0800015f   Thumb Code     0  startup_stm32f103xg.o(.text)
    SPI1_IRQHandler                          0x0800015f   Thumb Code     0  startup_stm32f103xg.o(.text)
    SPI2_IRQHandler                          0x0800015f   Thumb Code     0  startup_stm32f103xg.o(.text)
    SPI3_IRQHandler                          0x0800015f   Thumb Code     0  startup_stm32f103xg.o(.text)
    TAMPER_IRQHandler                        0x0800015f   Thumb Code     0  startup_stm32f103xg.o(.text)
    TIM1_BRK_TIM9_IRQHandler                 0x0800015f   Thumb Code     0  startup_stm32f103xg.o(.text)
    TIM1_CC_IRQHandler                       0x0800015f   Thumb Code     0  startup_stm32f103xg.o(.text)
    TIM1_TRG_COM_TIM11_IRQHandler            0x0800015f   Thumb Code     0  startup_stm32f103xg.o(.text)
    TIM1_UP_TIM10_IRQHandler                 0x0800015f   Thumb Code     0  startup_stm32f103xg.o(.text)
    TIM2_IRQHandler                          0x0800015f   Thumb Code     0  startup_stm32f103xg.o(.text)
    TIM3_IRQHandler                          0x0800015f   Thumb Code     0  startup_stm32f103xg.o(.text)
    TIM4_IRQHandler                          0x0800015f   Thumb Code     0  startup_stm32f103xg.o(.text)
    TIM5_IRQHandler                          0x0800015f   Thumb Code     0  startup_stm32f103xg.o(.text)
    TIM6_IRQHandler                          0x0800015f   Thumb Code     0  startup_stm32f103xg.o(.text)
    TIM7_IRQHandler                          0x0800015f   Thumb Code     0  startup_stm32f103xg.o(.text)
    TIM8_BRK_TIM12_IRQHandler                0x0800015f   Thumb Code     0  startup_stm32f103xg.o(.text)
    TIM8_CC_IRQHandler                       0x0800015f   Thumb Code     0  startup_stm32f103xg.o(.text)
    TIM8_TRG_COM_TIM14_IRQHandler            0x0800015f   Thumb Code     0  startup_stm32f103xg.o(.text)
    TIM8_UP_TIM13_IRQHandler                 0x0800015f   Thumb Code     0  startup_stm32f103xg.o(.text)
    UART4_IRQHandler                         0x0800015f   Thumb Code     0  startup_stm32f103xg.o(.text)
    UART5_IRQHandler                         0x0800015f   Thumb Code     0  startup_stm32f103xg.o(.text)
    USART1_IRQHandler                        0x0800015f   Thumb Code     0  startup_stm32f103xg.o(.text)
    USART2_IRQHandler                        0x0800015f   Thumb Code     0  startup_stm32f103xg.o(.text)
    USART3_IRQHandler                        0x0800015f   Thumb Code     0  startup_stm32f103xg.o(.text)
    USB_HP_CAN1_TX_IRQHandler                0x0800015f   Thumb Code     0  startup_stm32f103xg.o(.text)
    WWDG_IRQHandler                          0x0800015f   Thumb Code     0  startup_stm32f103xg.o(.text)
    __aeabi_memcpy                           0x08000169   Thumb Code    36  memcpya.o(.text)
    __aeabi_memcpy4                          0x08000169   Thumb Code     0  memcpya.o(.text)
    __aeabi_memcpy8                          0x08000169   Thumb Code     0  memcpya.o(.text)
    __aeabi_memset                           0x0800018d   Thumb Code    14  memseta.o(.text)
    __aeabi_memset4                          0x0800018d   Thumb Code     0  memseta.o(.text)
    __aeabi_memset8                          0x0800018d   Thumb Code     0  memseta.o(.text)
    __aeabi_memclr                           0x0800019b   Thumb Code     4  memseta.o(.text)
    __aeabi_memclr4                          0x0800019b   Thumb Code     0  memseta.o(.text)
    __aeabi_memclr8                          0x0800019b   Thumb Code     0  memseta.o(.text)
    _memset$wrapper                          0x0800019f   Thumb Code    18  memseta.o(.text)
    __scatterload                            0x080001b1   Thumb Code    28  init.o(.text)
    __scatterload_rt2                        0x080001b1   Thumb Code     0  init.o(.text)
    __decompress                             0x080001d5   Thumb Code     0  __dczerorl2.o(.text)
    __decompress1                            0x080001d5   Thumb Code    86  __dczerorl2.o(.text)
    BSP_JOY_GetState                         0x0800022d   Thumb Code    38  stm3210e_eval.o(i.BSP_JOY_GetState)
    BSP_JOY_Init                             0x0800025d   Thumb Code   180  stm3210e_eval.o(i.BSP_JOY_Init)
    BSP_PB_Init                              0x08000321   Thumb Code   210  stm3210e_eval.o(i.BSP_PB_Init)
    BusFault_Handler                         0x08000411   Thumb Code     2  stm32f1xx_it.o(i.BusFault_Handler)
    DebugMon_Handler                         0x08000413   Thumb Code     2  stm32f1xx_it.o(i.DebugMon_Handler)
    EXTI9_5_IRQHandler                       0x08000415   Thumb Code     8  stm32f1xx_it.o(i.EXTI9_5_IRQHandler)
    HAL_Delay                                0x0800041d   Thumb Code    32  stm32f1xx_hal.o(i.HAL_Delay)
    HAL_GPIO_EXTI_Callback                   0x08000441   Thumb Code    84  usbd_conf.o(i.HAL_GPIO_EXTI_Callback)
    HAL_GPIO_EXTI_IRQHandler                 0x080004a1   Thumb Code    18  stm32f1xx_hal_gpio.o(i.HAL_GPIO_EXTI_IRQHandler)
    HAL_GPIO_Init                            0x080004b9   Thumb Code   446  stm32f1xx_hal_gpio.o(i.HAL_GPIO_Init)
    HAL_GPIO_ReadPin                         0x080006a1   Thumb Code    10  stm32f1xx_hal_gpio.o(i.HAL_GPIO_ReadPin)
    HAL_GPIO_WritePin                        0x080006ab   Thumb Code    10  stm32f1xx_hal_gpio.o(i.HAL_GPIO_WritePin)
    HAL_GetTick                              0x080006b5   Thumb Code     6  stm32f1xx_hal.o(i.HAL_GetTick)
    HAL_IncTick                              0x080006c1   Thumb Code    12  stm32f1xx_hal.o(i.HAL_IncTick)
    HAL_Init                                 0x080006d1   Thumb Code    32  stm32f1xx_hal.o(i.HAL_Init)
    HAL_InitTick                             0x080006f5   Thumb Code    54  stm32f1xx_hal.o(i.HAL_InitTick)
    HAL_MspInit                              0x08000735   Thumb Code     2  stm32f1xx_hal.o(i.HAL_MspInit)
    HAL_NVIC_EnableIRQ                       0x08000737   Thumb Code    26  stm32f1xx_hal_cortex.o(i.HAL_NVIC_EnableIRQ)
    HAL_NVIC_SetPriority                     0x08000751   Thumb Code    60  stm32f1xx_hal_cortex.o(i.HAL_NVIC_SetPriority)
    HAL_NVIC_SetPriorityGrouping             0x08000791   Thumb Code    26  stm32f1xx_hal_cortex.o(i.HAL_NVIC_SetPriorityGrouping)
    HAL_PCDEx_PMAConfig                      0x080007b5   Thumb Code    52  stm32f1xx_hal_pcd_ex.o(i.HAL_PCDEx_PMAConfig)
    HAL_PCDEx_SetConnectionState             0x080007e9   Thumb Code    20  usbd_conf.o(i.HAL_PCDEx_SetConnectionState)
    HAL_PCD_ActivateRemoteWakeup             0x08000801   Thumb Code     6  stm32f1xx_hal_pcd.o(i.HAL_PCD_ActivateRemoteWakeup)
    HAL_PCD_DataInStageCallback              0x08000807   Thumb Code    14  usbd_conf.o(i.HAL_PCD_DataInStageCallback)
    HAL_PCD_DataOutStageCallback             0x08000815   Thumb Code    16  usbd_conf.o(i.HAL_PCD_DataOutStageCallback)
    HAL_PCD_DeActivateRemoteWakeup           0x08000825   Thumb Code     6  stm32f1xx_hal_pcd.o(i.HAL_PCD_DeActivateRemoteWakeup)
    HAL_PCD_EP_Close                         0x0800082b   Thumb Code    64  stm32f1xx_hal_pcd.o(i.HAL_PCD_EP_Close)
    HAL_PCD_EP_ClrStall                      0x0800086b   Thumb Code    72  stm32f1xx_hal_pcd.o(i.HAL_PCD_EP_ClrStall)
    HAL_PCD_EP_Open                          0x080008b3   Thumb Code    68  stm32f1xx_hal_pcd.o(i.HAL_PCD_EP_Open)
    HAL_PCD_EP_Receive                       0x080008f7   Thumb Code    46  stm32f1xx_hal_pcd.o(i.HAL_PCD_EP_Receive)
    HAL_PCD_EP_SetStall                      0x08000925   Thumb Code    86  stm32f1xx_hal_pcd.o(i.HAL_PCD_EP_SetStall)
    HAL_PCD_EP_Transmit                      0x0800097b   Thumb Code    42  stm32f1xx_hal_pcd.o(i.HAL_PCD_EP_Transmit)
    HAL_PCD_IRQHandler                       0x080009a5   Thumb Code   268  stm32f1xx_hal_pcd.o(i.HAL_PCD_IRQHandler)
    HAL_PCD_Init                             0x08000ab1   Thumb Code   192  stm32f1xx_hal_pcd.o(i.HAL_PCD_Init)
    HAL_PCD_MspInit                          0x08000b71   Thumb Code   182  usbd_conf.o(i.HAL_PCD_MspInit)
    HAL_PCD_ResetCallback                    0x08000c39   Thumb Code    26  usbd_conf.o(i.HAL_PCD_ResetCallback)
    HAL_PCD_ResumeCallback                   0x08000c55   Thumb Code    42  usbd_conf.o(i.HAL_PCD_ResumeCallback)
    HAL_PCD_SOFCallback                      0x08000c89   Thumb Code     8  usbd_conf.o(i.HAL_PCD_SOFCallback)
    HAL_PCD_SetAddress                       0x08000c91   Thumb Code    40  stm32f1xx_hal_pcd.o(i.HAL_PCD_SetAddress)
    HAL_PCD_SetupStageCallback               0x08000cb9   Thumb Code    14  usbd_conf.o(i.HAL_PCD_SetupStageCallback)
    HAL_PCD_Start                            0x08000cc7   Thumb Code    50  stm32f1xx_hal_pcd.o(i.HAL_PCD_Start)
    HAL_PCD_SuspendCallback                  0x08000cf9   Thumb Code    36  usbd_conf.o(i.HAL_PCD_SuspendCallback)
    HAL_RCCEx_PeriphCLKConfig                0x08000d21   Thumb Code   224  stm32f1xx_hal_rcc_ex.o(i.HAL_RCCEx_PeriphCLKConfig)
    HAL_RCC_ClockConfig                      0x08000e0d   Thumb Code   322  stm32f1xx_hal_rcc.o(i.HAL_RCC_ClockConfig)
    HAL_RCC_GetSysClockFreq                  0x08000f61   Thumb Code    74  stm32f1xx_hal_rcc.o(i.HAL_RCC_GetSysClockFreq)
    HAL_RCC_OscConfig                        0x08000fcd   Thumb Code   750  stm32f1xx_hal_rcc.o(i.HAL_RCC_OscConfig)
    HAL_SYSTICK_Config                       0x080012d1   Thumb Code    40  stm32f1xx_hal_cortex.o(i.HAL_SYSTICK_Config)
    HardFault_Handler                        0x080012f9   Thumb Code     2  stm32f1xx_it.o(i.HardFault_Handler)
    MemManage_Handler                        0x08001335   Thumb Code     2  stm32f1xx_it.o(i.MemManage_Handler)
    NMI_Handler                              0x08001337   Thumb Code     2  stm32f1xx_it.o(i.NMI_Handler)
    PendSV_Handler                           0x0800169b   Thumb Code     2  stm32f1xx_it.o(i.PendSV_Handler)
    SVC_Handler                              0x0800169d   Thumb Code     2  stm32f1xx_it.o(i.SVC_Handler)
    SysTick_Handler                          0x080016a1   Thumb Code   102  stm32f1xx_it.o(i.SysTick_Handler)
    SystemClock_Config                       0x0800175d   Thumb Code   108  main.o(i.SystemClock_Config)
    SystemInit                               0x080017c9   Thumb Code    56  system_stm32f1xx.o(i.SystemInit)
    USBD_ClrClassConfig                      0x08001811   Thumb Code    14  usbd_core.o(i.USBD_ClrClassConfig)
    USBD_CtlContinueRx                       0x0800181f   Thumb Code    16  usbd_ioreq.o(i.USBD_CtlContinueRx)
    USBD_CtlContinueSendData                 0x0800182f   Thumb Code    16  usbd_ioreq.o(i.USBD_CtlContinueSendData)
    USBD_CtlError                            0x0800183f   Thumb Code    22  usbd_ctlreq.o(i.USBD_CtlError)
    USBD_CtlReceiveStatus                    0x08001855   Thumb Code    22  usbd_ioreq.o(i.USBD_CtlReceiveStatus)
    USBD_CtlSendData                         0x0800186b   Thumb Code    26  usbd_ioreq.o(i.USBD_CtlSendData)
    USBD_CtlSendStatus                       0x08001885   Thumb Code    22  usbd_ioreq.o(i.USBD_CtlSendStatus)
    USBD_GetString                           0x0800197b   Thumb Code    70  usbd_ctlreq.o(i.USBD_GetString)
    USBD_HID_ConfigStrDescriptor             0x080019c1   Thumb Code    16  usbd_desc.o(i.USBD_HID_ConfigStrDescriptor)
    USBD_HID_DeviceDescriptor                0x08001a0d   Thumb Code     8  usbd_desc.o(i.USBD_HID_DeviceDescriptor)
    USBD_HID_InterfaceStrDescriptor          0x08001a59   Thumb Code    16  usbd_desc.o(i.USBD_HID_InterfaceStrDescriptor)
    USBD_HID_LangIDStrDescriptor             0x08001a7d   Thumb Code     8  usbd_desc.o(i.USBD_HID_LangIDStrDescriptor)
    USBD_HID_ManufacturerStrDescriptor       0x08001a89   Thumb Code    16  usbd_desc.o(i.USBD_HID_ManufacturerStrDescriptor)
    USBD_HID_ProductStrDescriptor            0x08001ab1   Thumb Code    16  usbd_desc.o(i.USBD_HID_ProductStrDescriptor)
    USBD_HID_SendReport                      0x08001add   Thumb Code    36  usbd_hid.o(i.USBD_HID_SendReport)
    USBD_HID_SerialStrDescriptor             0x08001b01   Thumb Code    48  usbd_desc.o(i.USBD_HID_SerialStrDescriptor)
    USBD_Init                                0x08001bd9   Thumb Code    42  usbd_core.o(i.USBD_Init)
    USBD_LL_ClearStallEP                     0x08001c03   Thumb Code    14  usbd_conf.o(i.USBD_LL_ClearStallEP)
    USBD_LL_CloseEP                          0x08001c11   Thumb Code    14  usbd_conf.o(i.USBD_LL_CloseEP)
    USBD_LL_DataInStage                      0x08001c1f   Thumb Code   170  usbd_core.o(i.USBD_LL_DataInStage)
    USBD_LL_DataOutStage                     0x08001cc9   Thumb Code   106  usbd_core.o(i.USBD_LL_DataOutStage)
    USBD_LL_Init                             0x08001d35   Thumb Code    84  usbd_conf.o(i.USBD_LL_Init)
    USBD_LL_IsStallEP                        0x08001d91   Thumb Code    28  usbd_conf.o(i.USBD_LL_IsStallEP)
    USBD_LL_OpenEP                           0x08001dad   Thumb Code    20  usbd_conf.o(i.USBD_LL_OpenEP)
    USBD_LL_PrepareReceive                   0x08001dc1   Thumb Code    14  usbd_conf.o(i.USBD_LL_PrepareReceive)
    USBD_LL_Reset                            0x08001dcf   Thumb Code    62  usbd_core.o(i.USBD_LL_Reset)
    USBD_LL_Resume                           0x08001e0d   Thumb Code    12  usbd_core.o(i.USBD_LL_Resume)
    USBD_LL_SOF                              0x08001e19   Thumb Code    24  usbd_core.o(i.USBD_LL_SOF)
    USBD_LL_SetSpeed                         0x08001e31   Thumb Code     6  usbd_core.o(i.USBD_LL_SetSpeed)
    USBD_LL_SetUSBAddress                    0x08001e37   Thumb Code    14  usbd_conf.o(i.USBD_LL_SetUSBAddress)
    USBD_LL_SetupStage                       0x08001e45   Thumb Code    90  usbd_core.o(i.USBD_LL_SetupStage)
    USBD_LL_StallEP                          0x08001e9f   Thumb Code    14  usbd_conf.o(i.USBD_LL_StallEP)
    USBD_LL_Start                            0x08001ead   Thumb Code    14  usbd_conf.o(i.USBD_LL_Start)
    USBD_LL_Suspend                          0x08001ebb   Thumb Code    18  usbd_core.o(i.USBD_LL_Suspend)
    USBD_LL_Transmit                         0x08001ecd   Thumb Code    14  usbd_conf.o(i.USBD_LL_Transmit)
    USBD_ParseSetupRequest                   0x08001edb   Thumb Code    40  usbd_ctlreq.o(i.USBD_ParseSetupRequest)
    USBD_RegisterClass                       0x08001f03   Thumb Code    16  usbd_core.o(i.USBD_RegisterClass)
    USBD_SetClassConfig                      0x08001f13   Thumb Code    22  usbd_core.o(i.USBD_SetClassConfig)
    USBD_Start                               0x08001f9d   Thumb Code    10  usbd_core.o(i.USBD_Start)
    USBD_StdDevReq                           0x08001fa7   Thumb Code   242  usbd_ctlreq.o(i.USBD_StdDevReq)
    USBD_StdEPReq                            0x08002099   Thumb Code   220  usbd_ctlreq.o(i.USBD_StdEPReq)
    USBD_StdItfReq                           0x08002175   Thumb Code    52  usbd_ctlreq.o(i.USBD_StdItfReq)
    USBD_static_free                         0x080021a9   Thumb Code     2  usbd_conf.o(i.USBD_static_free)
    USBD_static_malloc                       0x080021ad   Thumb Code     4  usbd_conf.o(i.USBD_static_malloc)
    USBWakeUp_IRQHandler                     0x080021b5   Thumb Code    10  stm32f1xx_it.o(i.USBWakeUp_IRQHandler)
    USB_ActivateEndpoint                     0x080021c5   Thumb Code   604  stm32f1xx_ll_usb.o(i.USB_ActivateEndpoint)
    USB_ActivateRemoteWakeup                 0x08002421   Thumb Code    14  stm32f1xx_ll_usb.o(i.USB_ActivateRemoteWakeup)
    USB_CoreInit                             0x0800242f   Thumb Code     4  stm32f1xx_ll_usb.o(i.USB_CoreInit)
    USB_DeActivateRemoteWakeup               0x08002433   Thumb Code    14  stm32f1xx_ll_usb.o(i.USB_DeActivateRemoteWakeup)
    USB_DeactivateEndpoint                   0x08002441   Thumb Code   292  stm32f1xx_ll_usb.o(i.USB_DeactivateEndpoint)
    USB_DevConnect                           0x08002565   Thumb Code     4  stm32f1xx_ll_usb.o(i.USB_DevConnect)
    USB_DevDisconnect                        0x08002569   Thumb Code     4  stm32f1xx_ll_usb.o(i.USB_DevDisconnect)
    USB_DevInit                              0x0800256d   Thumb Code    30  stm32f1xx_ll_usb.o(i.USB_DevInit)
    USB_DisableGlobalInt                     0x0800258b   Thumb Code    14  stm32f1xx_ll_usb.o(i.USB_DisableGlobalInt)
    USB_EP0_OutStart                         0x08002599   Thumb Code     4  stm32f1xx_ll_usb.o(i.USB_EP0_OutStart)
    USB_EPClearStall                         0x0800259d   Thumb Code   106  stm32f1xx_ll_usb.o(i.USB_EPClearStall)
    USB_EPSetStall                           0x08002607   Thumb Code    74  stm32f1xx_ll_usb.o(i.USB_EPSetStall)
    USB_EPStartXfer                          0x08002651   Thumb Code   426  stm32f1xx_ll_usb.o(i.USB_EPStartXfer)
    USB_EnableGlobalInt                      0x080027fb   Thumb Code    14  stm32f1xx_ll_usb.o(i.USB_EnableGlobalInt)
    USB_LP_CAN1_RX0_IRQHandler               0x08002809   Thumb Code     6  stm32f1xx_it.o(i.USB_LP_CAN1_RX0_IRQHandler)
    USB_ReadInterrupts                       0x08002815   Thumb Code     6  stm32f1xx_ll_usb.o(i.USB_ReadInterrupts)
    USB_ReadPMA                              0x0800281d   Thumb Code    30  stm32f1xx_ll_usb.o(i.USB_ReadPMA)
    USB_SetCurrentMode                       0x0800283b   Thumb Code     4  stm32f1xx_ll_usb.o(i.USB_SetCurrentMode)
    USB_SetDevAddress                        0x0800283f   Thumb Code    12  stm32f1xx_ll_usb.o(i.USB_SetDevAddress)
    USB_WritePMA                             0x0800284b   Thumb Code    38  stm32f1xx_ll_usb.o(i.USB_WritePMA)
    UsageFault_Handler                       0x08002871   Thumb Code     2  stm32f1xx_it.o(i.UsageFault_Handler)
    __scatterload_copy                       0x08002893   Thumb Code    14  handlers.o(i.__scatterload_copy)
    __scatterload_null                       0x080028a1   Thumb Code     2  handlers.o(i.__scatterload_null)
    __scatterload_zeroinit                   0x080028a3   Thumb Code    14  handlers.o(i.__scatterload_zeroinit)
    main                                     0x080028b1   Thumb Code    48  main.o(i.main)
    USBD_LangIDDesc                          0x080028ec   Data           4  usbd_desc.o(.constdata)
    USBD_DeviceDesc                          0x080028f0   Data          18  usbd_desc.o(.constdata)
    COM_TX_PIN                               0x08002902   Data           4  stm3210e_eval.o(.constdata)
    COM_RX_PIN                               0x08002906   Data           4  stm3210e_eval.o(.constdata)
    JOY_IRQn                                 0x0800290a   Data           5  stm3210e_eval.o(.constdata)
    LED_PIN                                  0x08002910   Data           8  stm3210e_eval.o(.constdata)
    BUTTON_IRQn                              0x08002918   Data           8  stm3210e_eval.o(.constdata)
    BUTTON_PIN                               0x08002920   Data          16  stm3210e_eval.o(.constdata)
    JOY_PIN                                  0x08002930   Data          10  stm3210e_eval.o(.constdata)
    AHBPrescTable                            0x0800293a   Data          16  system_stm32f1xx.o(.constdata)
    Region$$Table$$Base                      0x0800294c   Number         0  anon$$obj.o(Region$$Table)
    Region$$Table$$Limit                     0x0800296c   Number         0  anon$$obj.o(Region$$Table)
    remotewakeupon                           0x20000004   Data           4  usbd_conf.o(.data)
    HID_Desc                                 0x20000008   Data          28  usbd_desc.o(.data)
    USBD_StringSerial                        0x20000024   Data          26  usbd_desc.o(.data)
    COM_USART                                0x20000040   Data           8  stm3210e_eval.o(.data)
    COM_TX_PORT                              0x20000048   Data           8  stm3210e_eval.o(.data)
    COM_RX_PORT                              0x20000050   Data           8  stm3210e_eval.o(.data)
    LED_PORT                                 0x20000058   Data          16  stm3210e_eval.o(.data)
    BUTTON_PORT                              0x20000068   Data          32  stm3210e_eval.o(.data)
    JOY_PORT                                 0x20000088   Data          20  stm3210e_eval.o(.data)
    SystemCoreClock                          0x2000009c   Data           4  system_stm32f1xx.o(.data)
    uwTickFreq                               0x200000a0   Data           1  stm32f1xx_hal.o(.data)
    uwTickPrio                               0x200000a4   Data           4  stm32f1xx_hal.o(.data)
    uwTick                                   0x200000a8   Data           4  stm32f1xx_hal.o(.data)
    USBD_HID                                 0x200000ac   Data          56  usbd_hid.o(.data)
    USBD_Device                              0x2000016c   Data         548  main.o(.bss)
    hpcd                                     0x200003a0   Data        1120  usbd_conf.o(.bss)
    USBD_StrDesc                             0x20000800   Data         256  usbd_desc.o(.bss)
    __initial_sp                             0x20000e00   Data           0  startup_stm32f103xg.o(STACK)



==============================================================================

Memory Map of the image

  Image Entry point : 0x08000131

  Load Region LR_IROM1 (Base: 0x08000000, Size: 0x00002ad8, Max: 0x00100000, ABSOLUTE, COMPRESSED[0x00002a3c])

    Execution Region ER_IROM1 (Exec base: 0x08000000, Load base: 0x08000000, Size: 0x0000296c, Max: 0x00100000, ABSOLUTE)

    Exec Addr    Load Addr    Size         Type   Attr      Idx    E Section Name        Object

    0x08000000   0x08000000   0x00000130   Data   RO         2047    RESET               startup_stm32f103xg.o
    0x08000130   0x08000130   0x00000000   Code   RO         2382  * .ARM.Collect$$$$00000000  mc_w.l(entry.o)
    0x08000130   0x08000130   0x00000004   Code   RO         2391    .ARM.Collect$$$$00000001  mc_w.l(entry2.o)
    0x08000134   0x08000134   0x00000004   Code   RO         2394    .ARM.Collect$$$$00000004  mc_w.l(entry5.o)
    0x08000138   0x08000138   0x00000000   Code   RO         2396    .ARM.Collect$$$$00000008  mc_w.l(entry7b.o)
    0x08000138   0x08000138   0x00000000   Code   RO         2398    .ARM.Collect$$$$0000000A  mc_w.l(entry8b.o)
    0x08000138   0x08000138   0x00000008   Code   RO         2399    .ARM.Collect$$$$0000000B  mc_w.l(entry9a.o)
    0x08000140   0x08000140   0x00000000   Code   RO         2401    .ARM.Collect$$$$0000000D  mc_w.l(entry10a.o)
    0x08000140   0x08000140   0x00000000   Code   RO         2403    .ARM.Collect$$$$0000000F  mc_w.l(entry11a.o)
    0x08000140   0x08000140   0x00000004   Code   RO         2392    .ARM.Collect$$$$00002712  mc_w.l(entry2.o)
    0x08000144   0x08000144   0x00000024   Code   RO         2048    .text               startup_stm32f103xg.o
    0x08000168   0x08000168   0x00000024   Code   RO         2385    .text               mc_w.l(memcpya.o)
    0x0800018c   0x0800018c   0x00000024   Code   RO         2387    .text               mc_w.l(memseta.o)
    0x080001b0   0x080001b0   0x00000024   Code   RO         2405    .text               mc_w.l(init.o)
    0x080001d4   0x080001d4   0x00000056   Code   RO         2415    .text               mc_w.l(__dczerorl2.o)
    0x0800022a   0x0800022a   0x00000002   PAD
    0x0800022c   0x0800022c   0x00000030   Code   RO          553    i.BSP_JOY_GetState  stm3210e_eval.o
    0x0800025c   0x0800025c   0x000000c4   Code   RO          554    i.BSP_JOY_Init      stm3210e_eval.o
    0x08000320   0x08000320   0x000000f0   Code   RO          560    i.BSP_PB_Init       stm3210e_eval.o
    0x08000410   0x08000410   0x00000002   Code   RO            4    i.BusFault_Handler  stm32f1xx_it.o
    0x08000412   0x08000412   0x00000002   Code   RO            5    i.DebugMon_Handler  stm32f1xx_it.o
    0x08000414   0x08000414   0x00000008   Code   RO            6    i.EXTI9_5_IRQHandler  stm32f1xx_it.o
    0x0800041c   0x0800041c   0x00000024   Code   RO         1495    i.HAL_Delay         stm32f1xx_hal.o
    0x08000440   0x08000440   0x00000060   Code   RO          258    i.HAL_GPIO_EXTI_Callback  usbd_conf.o
    0x080004a0   0x080004a0   0x00000018   Code   RO         1649    i.HAL_GPIO_EXTI_IRQHandler  stm32f1xx_hal_gpio.o
    0x080004b8   0x080004b8   0x000001e8   Code   RO         1650    i.HAL_GPIO_Init     stm32f1xx_hal_gpio.o
    0x080006a0   0x080006a0   0x0000000a   Code   RO         1652    i.HAL_GPIO_ReadPin  stm32f1xx_hal_gpio.o
    0x080006aa   0x080006aa   0x0000000a   Code   RO         1654    i.HAL_GPIO_WritePin  stm32f1xx_hal_gpio.o
    0x080006b4   0x080006b4   0x0000000c   Code   RO         1499    i.HAL_GetTick       stm32f1xx_hal.o
    0x080006c0   0x080006c0   0x00000010   Code   RO         1503    i.HAL_IncTick       stm32f1xx_hal.o
    0x080006d0   0x080006d0   0x00000024   Code   RO         1504    i.HAL_Init          stm32f1xx_hal.o
    0x080006f4   0x080006f4   0x00000040   Code   RO         1505    i.HAL_InitTick      stm32f1xx_hal.o
    0x08000734   0x08000734   0x00000002   Code   RO         1507    i.HAL_MspInit       stm32f1xx_hal.o
    0x08000736   0x08000736   0x0000001a   Code   RO         1355    i.HAL_NVIC_EnableIRQ  stm32f1xx_hal_cortex.o
    0x08000750   0x08000750   0x00000040   Code   RO         1361    i.HAL_NVIC_SetPriority  stm32f1xx_hal_cortex.o
    0x08000790   0x08000790   0x00000024   Code   RO         1362    i.HAL_NVIC_SetPriorityGrouping  stm32f1xx_hal_cortex.o
    0x080007b4   0x080007b4   0x00000034   Code   RO         2018    i.HAL_PCDEx_PMAConfig  stm32f1xx_hal_pcd_ex.o
    0x080007e8   0x080007e8   0x00000018   Code   RO          259    i.HAL_PCDEx_SetConnectionState  usbd_conf.o
    0x08000800   0x08000800   0x00000006   Code   RO         1102    i.HAL_PCD_ActivateRemoteWakeup  stm32f1xx_hal_pcd.o
    0x08000806   0x08000806   0x0000000e   Code   RO          261    i.HAL_PCD_DataInStageCallback  usbd_conf.o
    0x08000814   0x08000814   0x00000010   Code   RO          262    i.HAL_PCD_DataOutStageCallback  usbd_conf.o
    0x08000824   0x08000824   0x00000006   Code   RO         1106    i.HAL_PCD_DeActivateRemoteWakeup  stm32f1xx_hal_pcd.o
    0x0800082a   0x0800082a   0x00000040   Code   RO         1111    i.HAL_PCD_EP_Close  stm32f1xx_hal_pcd.o
    0x0800086a   0x0800086a   0x00000048   Code   RO         1112    i.HAL_PCD_EP_ClrStall  stm32f1xx_hal_pcd.o
    0x080008b2   0x080008b2   0x00000044   Code   RO         1115    i.HAL_PCD_EP_Open   stm32f1xx_hal_pcd.o
    0x080008f6   0x080008f6   0x0000002e   Code   RO         1116    i.HAL_PCD_EP_Receive  stm32f1xx_hal_pcd.o
    0x08000924   0x08000924   0x00000056   Code   RO         1117    i.HAL_PCD_EP_SetStall  stm32f1xx_hal_pcd.o
    0x0800097a   0x0800097a   0x0000002a   Code   RO         1118    i.HAL_PCD_EP_Transmit  stm32f1xx_hal_pcd.o
    0x080009a4   0x080009a4   0x0000010c   Code   RO         1120    i.HAL_PCD_IRQHandler  stm32f1xx_hal_pcd.o
    0x08000ab0   0x08000ab0   0x000000c0   Code   RO         1123    i.HAL_PCD_Init      stm32f1xx_hal_pcd.o
    0x08000b70   0x08000b70   0x000000c8   Code   RO          267    i.HAL_PCD_MspInit   usbd_conf.o
    0x08000c38   0x08000c38   0x0000001a   Code   RO          268    i.HAL_PCD_ResetCallback  usbd_conf.o
    0x08000c52   0x08000c52   0x00000002   PAD
    0x08000c54   0x08000c54   0x00000034   Code   RO          269    i.HAL_PCD_ResumeCallback  usbd_conf.o
    0x08000c88   0x08000c88   0x00000008   Code   RO          270    i.HAL_PCD_SOFCallback  usbd_conf.o
    0x08000c90   0x08000c90   0x00000028   Code   RO         1129    i.HAL_PCD_SetAddress  stm32f1xx_hal_pcd.o
    0x08000cb8   0x08000cb8   0x0000000e   Code   RO          271    i.HAL_PCD_SetupStageCallback  usbd_conf.o
    0x08000cc6   0x08000cc6   0x00000032   Code   RO         1131    i.HAL_PCD_Start     stm32f1xx_hal_pcd.o
    0x08000cf8   0x08000cf8   0x00000028   Code   RO          272    i.HAL_PCD_SuspendCallback  usbd_conf.o
    0x08000d20   0x08000d20   0x000000ec   Code   RO         1319    i.HAL_RCCEx_PeriphCLKConfig  stm32f1xx_hal_rcc_ex.o
    0x08000e0c   0x08000e0c   0x00000154   Code   RO         1001    i.HAL_RCC_ClockConfig  stm32f1xx_hal_rcc.o
    0x08000f60   0x08000f60   0x0000006c   Code   RO         1010    i.HAL_RCC_GetSysClockFreq  stm32f1xx_hal_rcc.o
    0x08000fcc   0x08000fcc   0x00000304   Code   RO         1013    i.HAL_RCC_OscConfig  stm32f1xx_hal_rcc.o
    0x080012d0   0x080012d0   0x00000028   Code   RO         1366    i.HAL_SYSTICK_Config  stm32f1xx_hal_cortex.o
    0x080012f8   0x080012f8   0x00000002   Code   RO            7    i.HardFault_Handler  stm32f1xx_it.o
    0x080012fa   0x080012fa   0x00000002   PAD
    0x080012fc   0x080012fc   0x00000038   Code   RO          477    i.IntToUnicode      usbd_desc.o
    0x08001334   0x08001334   0x00000002   Code   RO            8    i.MemManage_Handler  stm32f1xx_it.o
    0x08001336   0x08001336   0x00000002   Code   RO            9    i.NMI_Handler       stm32f1xx_it.o
    0x08001338   0x08001338   0x00000362   Code   RO         1134    i.PCD_EP_ISR_Handler  stm32f1xx_hal_pcd.o
    0x0800169a   0x0800169a   0x00000002   Code   RO           10    i.PendSV_Handler    stm32f1xx_it.o
    0x0800169c   0x0800169c   0x00000002   Code   RO           11    i.SVC_Handler       stm32f1xx_it.o
    0x0800169e   0x0800169e   0x00000002   PAD
    0x080016a0   0x080016a0   0x00000070   Code   RO           12    i.SysTick_Handler   stm32f1xx_it.o
    0x08001710   0x08001710   0x0000004c   Code   RO          273    i.SystemClockConfig_STOP  usbd_conf.o
    0x0800175c   0x0800175c   0x0000006c   Code   RO          218    i.SystemClock_Config  main.o
    0x080017c8   0x080017c8   0x00000048   Code   RO          637    i.SystemInit        system_stm32f1xx.o
    0x08001810   0x08001810   0x0000000e   Code   RO         2247    i.USBD_ClrClassConfig  usbd_core.o
    0x0800181e   0x0800181e   0x00000010   Code   RO         2187    i.USBD_CtlContinueRx  usbd_ioreq.o
    0x0800182e   0x0800182e   0x00000010   Code   RO         2188    i.USBD_CtlContinueSendData  usbd_ioreq.o
    0x0800183e   0x0800183e   0x00000016   Code   RO         2122    i.USBD_CtlError     usbd_ctlreq.o
    0x08001854   0x08001854   0x00000016   Code   RO         2190    i.USBD_CtlReceiveStatus  usbd_ioreq.o
    0x0800186a   0x0800186a   0x0000001a   Code   RO         2191    i.USBD_CtlSendData  usbd_ioreq.o
    0x08001884   0x08001884   0x00000016   Code   RO         2192    i.USBD_CtlSendStatus  usbd_ioreq.o
    0x0800189a   0x0800189a   0x000000e0   Code   RO         2123    i.USBD_GetDescriptor  usbd_ctlreq.o
    0x0800197a   0x0800197a   0x00000046   Code   RO         2124    i.USBD_GetString    usbd_ctlreq.o
    0x080019c0   0x080019c0   0x00000020   Code   RO          478    i.USBD_HID_ConfigStrDescriptor  usbd_desc.o
    0x080019e0   0x080019e0   0x0000000c   Code   RO         2055    i.USBD_HID_DataIn   usbd_hid.o
    0x080019ec   0x080019ec   0x0000001e   Code   RO         2056    i.USBD_HID_DeInit   usbd_hid.o
    0x08001a0a   0x08001a0a   0x00000002   PAD
    0x08001a0c   0x08001a0c   0x0000000c   Code   RO          479    i.USBD_HID_DeviceDescriptor  usbd_desc.o
    0x08001a18   0x08001a18   0x0000000c   Code   RO         2057    i.USBD_HID_GetCfgDesc  usbd_hid.o
    0x08001a24   0x08001a24   0x0000000c   Code   RO         2058    i.USBD_HID_GetDeviceQualifierDesc  usbd_hid.o
    0x08001a30   0x08001a30   0x00000028   Code   RO         2060    i.USBD_HID_Init     usbd_hid.o
    0x08001a58   0x08001a58   0x00000024   Code   RO          480    i.USBD_HID_InterfaceStrDescriptor  usbd_desc.o
    0x08001a7c   0x08001a7c   0x0000000c   Code   RO          481    i.USBD_HID_LangIDStrDescriptor  usbd_desc.o
    0x08001a88   0x08001a88   0x00000028   Code   RO          482    i.USBD_HID_ManufacturerStrDescriptor  usbd_desc.o
    0x08001ab0   0x08001ab0   0x0000002c   Code   RO          483    i.USBD_HID_ProductStrDescriptor  usbd_desc.o
    0x08001adc   0x08001adc   0x00000024   Code   RO         2061    i.USBD_HID_SendReport  usbd_hid.o
    0x08001b00   0x08001b00   0x00000038   Code   RO          484    i.USBD_HID_SerialStrDescriptor  usbd_desc.o
    0x08001b38   0x08001b38   0x000000a0   Code   RO         2062    i.USBD_HID_Setup    usbd_hid.o
    0x08001bd8   0x08001bd8   0x0000002a   Code   RO         2249    i.USBD_Init         usbd_core.o
    0x08001c02   0x08001c02   0x0000000e   Code   RO          274    i.USBD_LL_ClearStallEP  usbd_conf.o
    0x08001c10   0x08001c10   0x0000000e   Code   RO          275    i.USBD_LL_CloseEP   usbd_conf.o
    0x08001c1e   0x08001c1e   0x000000aa   Code   RO         2250    i.USBD_LL_DataInStage  usbd_core.o
    0x08001cc8   0x08001cc8   0x0000006a   Code   RO         2251    i.USBD_LL_DataOutStage  usbd_core.o
    0x08001d32   0x08001d32   0x00000002   PAD
    0x08001d34   0x08001d34   0x0000005c   Code   RO          280    i.USBD_LL_Init      usbd_conf.o
    0x08001d90   0x08001d90   0x0000001c   Code   RO          281    i.USBD_LL_IsStallEP  usbd_conf.o
    0x08001dac   0x08001dac   0x00000014   Code   RO          282    i.USBD_LL_OpenEP    usbd_conf.o
    0x08001dc0   0x08001dc0   0x0000000e   Code   RO          283    i.USBD_LL_PrepareReceive  usbd_conf.o
    0x08001dce   0x08001dce   0x0000003e   Code   RO         2256    i.USBD_LL_Reset     usbd_core.o
    0x08001e0c   0x08001e0c   0x0000000c   Code   RO         2257    i.USBD_LL_Resume    usbd_core.o
    0x08001e18   0x08001e18   0x00000018   Code   RO         2258    i.USBD_LL_SOF       usbd_core.o
    0x08001e30   0x08001e30   0x00000006   Code   RO         2259    i.USBD_LL_SetSpeed  usbd_core.o
    0x08001e36   0x08001e36   0x0000000e   Code   RO          284    i.USBD_LL_SetUSBAddress  usbd_conf.o
    0x08001e44   0x08001e44   0x0000005a   Code   RO         2260    i.USBD_LL_SetupStage  usbd_core.o
    0x08001e9e   0x08001e9e   0x0000000e   Code   RO          285    i.USBD_LL_StallEP   usbd_conf.o
    0x08001eac   0x08001eac   0x0000000e   Code   RO          286    i.USBD_LL_Start     usbd_conf.o
    0x08001eba   0x08001eba   0x00000012   Code   RO         2261    i.USBD_LL_Suspend   usbd_core.o
    0x08001ecc   0x08001ecc   0x0000000e   Code   RO          288    i.USBD_LL_Transmit  usbd_conf.o
    0x08001eda   0x08001eda   0x00000028   Code   RO         2125    i.USBD_ParseSetupRequest  usbd_ctlreq.o
    0x08001f02   0x08001f02   0x00000010   Code   RO         2262    i.USBD_RegisterClass  usbd_core.o
    0x08001f12   0x08001f12   0x00000016   Code   RO         2264    i.USBD_SetClassConfig  usbd_core.o
    0x08001f28   0x08001f28   0x00000074   Code   RO         2126    i.USBD_SetConfig    usbd_ctlreq.o
    0x08001f9c   0x08001f9c   0x0000000a   Code   RO         2265    i.USBD_Start        usbd_core.o
    0x08001fa6   0x08001fa6   0x000000f2   Code   RO         2127    i.USBD_StdDevReq    usbd_ctlreq.o
    0x08002098   0x08002098   0x000000dc   Code   RO         2128    i.USBD_StdEPReq     usbd_ctlreq.o
    0x08002174   0x08002174   0x00000034   Code   RO         2129    i.USBD_StdItfReq    usbd_ctlreq.o
    0x080021a8   0x080021a8   0x00000002   Code   RO          289    i.USBD_static_free  usbd_conf.o
    0x080021aa   0x080021aa   0x00000002   PAD
    0x080021ac   0x080021ac   0x00000008   Code   RO          290    i.USBD_static_malloc  usbd_conf.o
    0x080021b4   0x080021b4   0x00000010   Code   RO           13    i.USBWakeUp_IRQHandler  stm32f1xx_it.o
    0x080021c4   0x080021c4   0x0000025c   Code   RO         1826    i.USB_ActivateEndpoint  stm32f1xx_ll_usb.o
    0x08002420   0x08002420   0x0000000e   Code   RO         1827    i.USB_ActivateRemoteWakeup  stm32f1xx_ll_usb.o
    0x0800242e   0x0800242e   0x00000004   Code   RO         1829    i.USB_CoreInit      stm32f1xx_ll_usb.o
    0x08002432   0x08002432   0x0000000e   Code   RO         1830    i.USB_DeActivateRemoteWakeup  stm32f1xx_ll_usb.o
    0x08002440   0x08002440   0x00000124   Code   RO         1831    i.USB_DeactivateEndpoint  stm32f1xx_ll_usb.o
    0x08002564   0x08002564   0x00000004   Code   RO         1832    i.USB_DevConnect    stm32f1xx_ll_usb.o
    0x08002568   0x08002568   0x00000004   Code   RO         1833    i.USB_DevDisconnect  stm32f1xx_ll_usb.o
    0x0800256c   0x0800256c   0x0000001e   Code   RO         1834    i.USB_DevInit       stm32f1xx_ll_usb.o
    0x0800258a   0x0800258a   0x0000000e   Code   RO         1835    i.USB_DisableGlobalInt  stm32f1xx_ll_usb.o
    0x08002598   0x08002598   0x00000004   Code   RO         1836    i.USB_EP0_OutStart  stm32f1xx_ll_usb.o
    0x0800259c   0x0800259c   0x0000006a   Code   RO         1837    i.USB_EPClearStall  stm32f1xx_ll_usb.o
    0x08002606   0x08002606   0x0000004a   Code   RO         1838    i.USB_EPSetStall    stm32f1xx_ll_usb.o
    0x08002650   0x08002650   0x000001aa   Code   RO         1839    i.USB_EPStartXfer   stm32f1xx_ll_usb.o
    0x080027fa   0x080027fa   0x0000000e   Code   RO         1840    i.USB_EnableGlobalInt  stm32f1xx_ll_usb.o
    0x08002808   0x08002808   0x0000000c   Code   RO           14    i.USB_LP_CAN1_RX0_IRQHandler  stm32f1xx_it.o
    0x08002814   0x08002814   0x00000006   Code   RO         1847    i.USB_ReadInterrupts  stm32f1xx_ll_usb.o
    0x0800281a   0x0800281a   0x00000002   PAD
    0x0800281c   0x0800281c   0x0000001e   Code   RO         1848    i.USB_ReadPMA       stm32f1xx_ll_usb.o
    0x0800283a   0x0800283a   0x00000004   Code   RO         1850    i.USB_SetCurrentMode  stm32f1xx_ll_usb.o
    0x0800283e   0x0800283e   0x0000000c   Code   RO         1851    i.USB_SetDevAddress  stm32f1xx_ll_usb.o
    0x0800284a   0x0800284a   0x00000026   Code   RO         1853    i.USB_WritePMA      stm32f1xx_ll_usb.o
    0x08002870   0x08002870   0x00000002   Code   RO           15    i.UsageFault_Handler  stm32f1xx_it.o
    0x08002872   0x08002872   0x00000020   Code   RO         1368    i.__NVIC_SetPriority  stm32f1xx_hal_cortex.o
    0x08002892   0x08002892   0x0000000e   Code   RO         2409    i.__scatterload_copy  mc_w.l(handlers.o)
    0x080028a0   0x080028a0   0x00000002   Code   RO         2410    i.__scatterload_null  mc_w.l(handlers.o)
    0x080028a2   0x080028a2   0x0000000e   Code   RO         2411    i.__scatterload_zeroinit  mc_w.l(handlers.o)
    0x080028b0   0x080028b0   0x0000003c   Code   RO          220    i.main              main.o
    0x080028ec   0x080028ec   0x00000016   Data   RO          486    .constdata          usbd_desc.o
    0x08002902   0x08002902   0x00000038   Data   RO          561    .constdata          stm3210e_eval.o
    0x0800293a   0x0800293a   0x00000010   Data   RO          638    .constdata          system_stm32f1xx.o
    0x0800294a   0x0800294a   0x00000002   PAD
    0x0800294c   0x0800294c   0x00000020   Data   RO         2407    Region$$Table       anon$$obj.o


    Execution Region RW_IRAM1 (Exec base: 0x20000000, Load base: 0x0800296c, Size: 0x00000e00, Max: 0x00018000, ABSOLUTE, COMPRESSED[0x000000d0])

    Exec Addr    Load Addr    Size         Type   Attr      Idx    E Section Name        Object

    0x20000000   COMPRESSED   0x00000004   Data   RW           16    .data               stm32f1xx_it.o
    0x20000004   COMPRESSED   0x00000004   Data   RW          292    .data               usbd_conf.o
    0x20000008   COMPRESSED   0x0000001c   Data   RW          487    .data               usbd_desc.o
    0x20000024   COMPRESSED   0x0000001a   Data   RW          488    .data               usbd_desc.o
    0x2000003e   COMPRESSED   0x00000002   PAD
    0x20000040   COMPRESSED   0x0000005c   Data   RW          562    .data               stm3210e_eval.o
    0x2000009c   COMPRESSED   0x00000004   Data   RW          640    .data               system_stm32f1xx.o
    0x200000a0   COMPRESSED   0x0000000c   Data   RW         1511    .data               stm32f1xx_hal.o
    0x200000ac   COMPRESSED   0x00000038   Data   RW         2063    .data               usbd_hid.o
    0x200000e4   COMPRESSED   0x00000086   Data   RW         2064    .data               usbd_hid.o
    0x2000016a   COMPRESSED   0x00000001   Data   RW         2130    .data               usbd_ctlreq.o
    0x2000016b   COMPRESSED   0x00000001   PAD
    0x2000016c        -       0x00000224   Zero   RW          221    .bss                main.o
    0x20000390        -       0x00000470   Zero   RW          291    .bss                usbd_conf.o
    0x20000800        -       0x00000100   Zero   RW          485    .bss                usbd_desc.o
    0x20000900        -       0x00000500   Zero   RW         2045    STACK               startup_stm32f103xg.o


==============================================================================

Image component sizes


      Code (inc. data)   RO Data    RW Data    ZI Data      Debug   Object Name

       168         12          0          0        548       1770   main.o
        36          8        304          0       1280        812   startup_stm32f103xg.o
       484         56         56         92          0      14112   stm3210e_eval.o
       166         28          0         12          0       4611   stm32f1xx_hal.o
       198         14          0          0          0      29019   stm32f1xx_hal_cortex.o
       532         48          0          0          0       4294   stm32f1xx_hal_gpio.o
      1806          0          0          0          0      11117   stm32f1xx_hal_pcd.o
        52          0          0          0          0       1250   stm32f1xx_hal_pcd_ex.o
      1220         74          0          0          0       4218   stm32f1xx_hal_rcc.o
       236         12          0          0          0       1456   stm32f1xx_hal_rcc_ex.o
       164         22          0          4          0     473854   stm32f1xx_it.o
      1694          0          0          0          0      14519   stm32f1xx_ll_usb.o
        72         16         16          4          0       1263   system_stm32f1xx.o
       814         60          0          4       1136      14182   usbd_conf.o
       592          0          0          0          0       9828   usbd_core.o
       986         30          0          1          0       8172   usbd_ctlreq.o
       288        104         22         54        256       5990   usbd_desc.o
       302         12          0        190          0       7145   usbd_hid.o
       102          0          0          0          0       3948   usbd_ioreq.o

    ----------------------------------------------------------------------
      9926        496        432        364       3220     611560   Object Totals
         0          0         32          0          0          0   (incl. Generated)
        14          0          2          3          0          0   (incl. Padding)

    ----------------------------------------------------------------------

      Code (inc. data)   RO Data    RW Data    ZI Data      Debug   Library Member Name

        86          0          0          0          0          0   __dczerorl2.o
         0          0          0          0          0          0   entry.o
         0          0          0          0          0          0   entry10a.o
         0          0          0          0          0          0   entry11a.o
         8          4          0          0          0          0   entry2.o
         4          0          0          0          0          0   entry5.o
         0          0          0          0          0          0   entry7b.o
         0          0          0          0          0          0   entry8b.o
         8          4          0          0          0          0   entry9a.o
        30          0          0          0          0          0   handlers.o
        36          8          0          0          0         68   init.o
        36          0          0          0          0         68   memcpya.o
        36          0          0          0          0        108   memseta.o

    ----------------------------------------------------------------------
       246         16          0          0          0        244   Library Totals
         2          0          0          0          0          0   (incl. Padding)

    ----------------------------------------------------------------------

      Code (inc. data)   RO Data    RW Data    ZI Data      Debug   Library Name

       244         16          0          0          0        244   mc_w.l

    ----------------------------------------------------------------------
       246         16          0          0          0        244   Library Totals

    ----------------------------------------------------------------------

==============================================================================


      Code (inc. data)   RO Data    RW Data    ZI Data      Debug   

     10172        512        432        364       3220     605276   Grand Totals
     10172        512        432        208       3220     605276   ELF Image Totals (compressed)
     10172        512        432        208          0          0   ROM Totals

==============================================================================

    Total RO  Size (Code + RO Data)                10604 (  10.36kB)
    Total RW  Size (RW Data + ZI Data)              3584 (   3.50kB)
    Total ROM Size (Code + RO Data + RW Data)      10812 (  10.56kB)

==============================================================================

